<html>
<body>
<pre>
<h1>µVision Build Log</h1>
<h2>Project:</h2>
G:\github\ICT_LaboratoryProject_STM32\Project\RVMDKú¿uv4ú®\iSO-STM32.uvproj
Project File Date:  04/13/2016

<h2>Output:</h2>
Rebuild target 'ISO-MINI????'
assembling startup_stm32f10x_hd.s...
compiling core_cm3.c...
compiling system_stm32f10x.c...
compiling misc.c...
compiling stm32f10x_adc.c...
compiling stm32f10x_bkp.c...
compiling stm32f10x_can.c...
compiling stm32f10x_cec.c...
compiling stm32f10x_crc.c...
compiling stm32f10x_dac.c...
compiling stm32f10x_dbgmcu.c...
compiling stm32f10x_dma.c...
compiling stm32f10x_exti.c...
compiling stm32f10x_flash.c...
compiling stm32f10x_fsmc.c...
compiling stm32f10x_gpio.c...
compiling stm32f10x_i2c.c...
compiling stm32f10x_iwdg.c...
compiling stm32f10x_pwr.c...
compiling stm32f10x_rcc.c...
compiling stm32f10x_rtc.c...
compiling stm32f10x_sdio.c...
compiling stm32f10x_spi.c...
compiling stm32f10x_tim.c...
compiling stm32f10x_usart.c...
compiling stm32f10x_wwdg.c...
compiling main.c...
..\..\User\sim800l\SIM800L.h(8): warning:  #1295-D: Deprecated declaration GPSVLD - give arg types
..\..\User\sim800l\SIM800L.h(11): warning:  #1295-D: Deprecated declaration GetKeyCHG - give arg types
..\..\User\sim800l\SIM800L.h(14): warning:  #1295-D: Deprecated declaration CBCDATA - give arg types
..\..\User\main.c(28): warning:  #1295-D: Deprecated declaration GetId - give arg types
..\..\User\main.c(41): warning:  #188-D: enumerated type mixed with another type
..\..\User\main.c(42): warning:  #188-D: enumerated type mixed with another type
..\..\User\main.c(43): warning:  #188-D: enumerated type mixed with another type
..\..\User\main.c(109): warning:  #188-D: enumerated type mixed with another type
..\..\User\main.c(110): warning:  #188-D: enumerated type mixed with another type
..\..\User\main.c(111): warning:  #188-D: enumerated type mixed with another type
..\..\User\main.c(112): warning:  #188-D: enumerated type mixed with another type
..\..\User\main.c(113): warning:  #188-D: enumerated type mixed with another type
..\..\User\main.c(119): warning:  #188-D: enumerated type mixed with another type
..\..\User\main.c(126): warning:  #188-D: enumerated type mixed with another type
..\..\User\main.c(130): warning:  #188-D: enumerated type mixed with another type
..\..\User\main.c(135): warning:  #167-D: argument of type "u8 *" is incompatible with parameter of type "const char *"
..\..\User\main.c(153): warning:  #167-D: argument of type "unsigned char *" is incompatible with parameter of type "const char *restrict"
..\..\User\main.c(154): warning:  #167-D: argument of type "unsigned char *" is incompatible with parameter of type "const char *restrict"
..\..\User\main.c(156): warning:  #167-D: argument of type "unsigned char *" is incompatible with parameter of type "const char *restrict"
..\..\User\main.c(158): warning:  #167-D: argument of type "unsigned char *" is incompatible with parameter of type "const char *restrict"
..\..\User\main.c(160): warning:  #167-D: argument of type "unsigned char *" is incompatible with parameter of type "const char *restrict"
..\..\User\main.c(162): warning:  #167-D: argument of type "unsigned char *" is incompatible with parameter of type "const char *restrict"
..\..\User\main.c(164): warning:  #167-D: argument of type "unsigned char *" is incompatible with parameter of type "const char *restrict"
..\..\User\main.c(172): warning:  #188-D: enumerated type mixed with another type
..\..\User\main.c(176): warning:  #167-D: argument of type "u8 *" is incompatible with parameter of type "const char *"
..\..\User\main.c(80): warning:  #177-D: variable "s" was declared but never referenced
..\..\User\main.c(218): warning:  #223-D: function "USART1_SendByte" declared implicitly
..\..\User\main.c(200): warning:  #177-D: variable "i_d" was declared but never referenced
compiling stm32f10x_it.c...
..\..\User\sim800l\sim800l.h(8): warning:  #1295-D: Deprecated declaration GPSVLD - give arg types
..\..\User\sim800l\sim800l.h(11): warning:  #1295-D: Deprecated declaration GetKeyCHG - give arg types
..\..\User\sim800l\sim800l.h(14): warning:  #1295-D: Deprecated declaration CBCDATA - give arg types
..\..\User\stm32f10x_it.c(187): warning:  #177-D: variable "i" was declared but never referenced
..\..\User\stm32f10x_it.c(234): warning:  #188-D: enumerated type mixed with another type
..\..\User\stm32f10x_it.c(240): warning:  #188-D: enumerated type mixed with another type
..\..\User\stm32f10x_it.c(241): warning:  #188-D: enumerated type mixed with another type
..\..\User\stm32f10x_it.c(277): warning:  #188-D: enumerated type mixed with another type
..\..\User\stm32f10x_it.c(283): warning:  #188-D: enumerated type mixed with another type
compiling bsp_iso_test.c...
..\..\User\iso\bsp_iso_test.c(55): warning:  #177-D: variable "k" was declared but never referenced
..\..\User\iso\bsp_iso_test.c(41): warning:  #177-D: function "delay" was declared but never referenced
compiling bsp_usart1.c...
compiling bsp_usart2.c...
compiling printf_init.c...
compiling bsp_SysTick.c...
compiling bsp_led.c...
..\..\User\key\bsp_key.h(15): warning:  #1295-D: Deprecated declaration GetKey - give arg types
..\..\User\key\bsp_key.h(16): warning:  #1295-D: Deprecated declaration GetKey1L - give arg types
..\..\User\key\bsp_key.h(17): warning:  #1295-D: Deprecated declaration GetKey1R - give arg types
..\..\User\key\bsp_key.h(18): warning:  #1295-D: Deprecated declaration GetKey2L - give arg types
..\..\User\key\bsp_key.h(19): warning:  #1295-D: Deprecated declaration GetKey2R - give arg types
..\..\User\key\bsp_key.h(20): warning:  #1295-D: Deprecated declaration GetKey3L - give arg types
..\..\User\key\bsp_key.h(21): warning:  #1295-D: Deprecated declaration GetKey3R - give arg types
..\..\User\key\bsp_key.h(22): warning:  #1295-D: Deprecated declaration GetKey4L - give arg types
..\..\User\key\bsp_key.h(23): warning:  #1295-D: Deprecated declaration GetKey4R - give arg types
..\..\User\led\bsp_led.c(56): warning:  #177-D: function "delay" was declared but never referenced
compiling TIMER.c...
compiling FLASH.c...
compiling SIM800L.C...
..\..\User\sim800l\SIM800L.h(8): warning:  #1295-D: Deprecated declaration GPSVLD - give arg types
..\..\User\sim800l\SIM800L.h(11): warning:  #1295-D: Deprecated declaration GetKeyCHG - give arg types
..\..\User\sim800l\SIM800L.h(14): warning:  #1295-D: Deprecated declaration CBCDATA - give arg types
..\..\User\sim800l\SIM800L.C(32): warning:  #177-D: variable "i" was declared but never referenced
..\..\User\sim800l\SIM800L.C(33): warning:  #177-D: variable "RecLen" was declared but never referenced
..\..\User\sim800l\SIM800L.C(34): warning:  #177-D: variable "Ubyte" was declared but never referenced
..\..\User\sim800l\SIM800L.C(201): warning:  #167-D: argument of type "u8 *" is incompatible with parameter of type "const char *"
..\..\User\sim800l\SIM800L.C(196): warning:  #177-D: variable "x" was declared but never referenced
..\..\User\sim800l\SIM800L.C(196): warning:  #177-D: variable "y" was declared but never referenced
..\..\User\sim800l\SIM800L.C(257): warning:  #167-D: argument of type "u8 *" is incompatible with parameter of type "const char *"
..\..\User\sim800l\SIM800L.C(257): warning:  #513-D: a value of type "char *" cannot be assigned to an entity of type "unsigned char *"
..\..\User\sim800l\SIM800L.C(269): warning:  #167-D: argument of type "u8 *" is incompatible with parameter of type "const char *"
..\..\User\sim800l\SIM800L.C(269): warning:  #513-D: a value of type "char *" cannot be assigned to an entity of type "unsigned char *"
..\..\User\sim800l\SIM800L.C(294): warning:  #167-D: argument of type "u8 *" is incompatible with parameter of type "const char *"
..\..\User\sim800l\SIM800L.C(294): warning:  #513-D: a value of type "char *" cannot be assigned to an entity of type "unsigned char *"
linking...
Program Size: Code=8920 RO-data=336 RW-data=160 ZI-data=2912  
FromELF: creating hex file...
"..\..\Output\Template.axf" - 0 Errors, 64 Warning(s).
Load "..\\..\\Output\\Template.axf" 
Set JLink Project File to "G:\github\ICT_LaboratoryProject_STM32\Project\RVMDKú¿uv4ú®\JLinkSettings.ini"
* JLink Info: Device "STM32F103ZE" selected (512 KB flash, 64 KB RAM).
 
JLink info:
------------
DLL: V4.68a, compiled Apr 12 2013 13:26:50
Firmware: J-Link V9 compiled Jan 29 2015 11:26:22
Hardware: V9.20
Feature(s) : GDB, RDI, FlashBP, FlashDL, JFlash 
 
* JLink Info: Found SWD-DP with ID 0x1BA01477
* JLink Info: Found SWD-DP with ID 0x1BA01477
* JLink Info: TPIU fitted.
* JLink Info: FPUnit: 6 code (BP) slots and 2 literal slots
* JLink Info: Found Cortex-M3 r1p1, Little endian.
ROMTableAddr = 0xE00FF003
 
Target info:
------------
Device: STM32F103ZE
VTarget = 3.291V
State of Pins: 
TCK: 0, TDI: 0, TDO: 0, TMS: 1, TRES: 1, TRST: 1
Hardware-Breakpoints: 6
Software-Breakpoints: 8192
Watchpoints:          4
JTAG speed: 500 kHz
 
Full Chip Erase Done.
Programming Done.
Verify OK.
Application running ...
Rebuild target 'ISO-MINI????'
assembling startup_stm32f10x_hd.s...
compiling core_cm3.c...
compiling system_stm32f10x.c...
compiling misc.c...
compiling stm32f10x_adc.c...
compiling stm32f10x_bkp.c...
compiling stm32f10x_can.c...
compiling stm32f10x_cec.c...
compiling stm32f10x_crc.c...
compiling stm32f10x_dac.c...
compiling stm32f10x_dbgmcu.c...
compiling stm32f10x_dma.c...
compiling stm32f10x_exti.c...
compiling stm32f10x_flash.c...
compiling stm32f10x_fsmc.c...
compiling stm32f10x_gpio.c...
compiling stm32f10x_i2c.c...
compiling stm32f10x_iwdg.c...
compiling stm32f10x_pwr.c...
compiling stm32f10x_rcc.c...
compiling stm32f10x_rtc.c...
compiling stm32f10x_sdio.c...
compiling stm32f10x_spi.c...
compiling stm32f10x_tim.c...
compiling stm32f10x_usart.c...
compiling stm32f10x_wwdg.c...
compiling main.c...
..\..\User\sim800l\SIM800L.h(8): warning:  #1295-D: Deprecated declaration GPSVLD - give arg types
..\..\User\sim800l\SIM800L.h(11): warning:  #1295-D: Deprecated declaration GetKeyCHG - give arg types
..\..\User\sim800l\SIM800L.h(14): warning:  #1295-D: Deprecated declaration CBCDATA - give arg types
..\..\User\main.c(28): warning:  #1295-D: Deprecated declaration GetId - give arg types
..\..\User\main.c(41): warning:  #188-D: enumerated type mixed with another type
..\..\User\main.c(42): warning:  #188-D: enumerated type mixed with another type
..\..\User\main.c(43): warning:  #188-D: enumerated type mixed with another type
..\..\User\main.c(109): warning:  #188-D: enumerated type mixed with another type
..\..\User\main.c(110): warning:  #188-D: enumerated type mixed with another type
..\..\User\main.c(111): warning:  #188-D: enumerated type mixed with another type
..\..\User\main.c(112): warning:  #188-D: enumerated type mixed with another type
..\..\User\main.c(113): warning:  #188-D: enumerated type mixed with another type
..\..\User\main.c(119): warning:  #188-D: enumerated type mixed with another type
..\..\User\main.c(126): warning:  #188-D: enumerated type mixed with another type
..\..\User\main.c(130): warning:  #188-D: enumerated type mixed with another type
..\..\User\main.c(135): warning:  #167-D: argument of type "u8 *" is incompatible with parameter of type "const char *"
..\..\User\main.c(153): warning:  #167-D: argument of type "unsigned char *" is incompatible with parameter of type "const char *restrict"
..\..\User\main.c(154): warning:  #167-D: argument of type "unsigned char *" is incompatible with parameter of type "const char *restrict"
..\..\User\main.c(156): warning:  #167-D: argument of type "unsigned char *" is incompatible with parameter of type "const char *restrict"
..\..\User\main.c(158): warning:  #167-D: argument of type "unsigned char *" is incompatible with parameter of type "const char *restrict"
..\..\User\main.c(160): warning:  #167-D: argument of type "unsigned char *" is incompatible with parameter of type "const char *restrict"
..\..\User\main.c(162): warning:  #167-D: argument of type "unsigned char *" is incompatible with parameter of type "const char *restrict"
..\..\User\main.c(164): warning:  #167-D: argument of type "unsigned char *" is incompatible with parameter of type "const char *restrict"
..\..\User\main.c(172): warning:  #188-D: enumerated type mixed with another type
..\..\User\main.c(176): warning:  #167-D: argument of type "u8 *" is incompatible with parameter of type "const char *"
..\..\User\main.c(80): warning:  #177-D: variable "s" was declared but never referenced
..\..\User\main.c(218): warning:  #223-D: function "USART1_SendByte" declared implicitly
..\..\User\main.c(200): warning:  #177-D: variable "i_d" was declared but never referenced
compiling stm32f10x_it.c...
..\..\User\sim800l\sim800l.h(8): warning:  #1295-D: Deprecated declaration GPSVLD - give arg types
..\..\User\sim800l\sim800l.h(11): warning:  #1295-D: Deprecated declaration GetKeyCHG - give arg types
..\..\User\sim800l\sim800l.h(14): warning:  #1295-D: Deprecated declaration CBCDATA - give arg types
..\..\User\stm32f10x_it.c(187): warning:  #177-D: variable "i" was declared but never referenced
..\..\User\stm32f10x_it.c(234): warning:  #188-D: enumerated type mixed with another type
..\..\User\stm32f10x_it.c(240): warning:  #188-D: enumerated type mixed with another type
..\..\User\stm32f10x_it.c(241): warning:  #188-D: enumerated type mixed with another type
..\..\User\stm32f10x_it.c(277): warning:  #188-D: enumerated type mixed with another type
..\..\User\stm32f10x_it.c(283): warning:  #188-D: enumerated type mixed with another type
compiling bsp_iso_test.c...
..\..\User\iso\bsp_iso_test.c(55): warning:  #177-D: variable "k" was declared but never referenced
..\..\User\iso\bsp_iso_test.c(41): warning:  #177-D: function "delay" was declared but never referenced
compiling bsp_usart1.c...
compiling bsp_usart2.c...
compiling printf_init.c...
compiling bsp_SysTick.c...
compiling bsp_led.c...
..\..\User\key\bsp_key.h(15): warning:  #1295-D: Deprecated declaration GetKey - give arg types
..\..\User\key\bsp_key.h(16): warning:  #1295-D: Deprecated declaration GetKey1L - give arg types
..\..\User\key\bsp_key.h(17): warning:  #1295-D: Deprecated declaration GetKey1R - give arg types
..\..\User\key\bsp_key.h(18): warning:  #1295-D: Deprecated declaration GetKey2L - give arg types
..\..\User\key\bsp_key.h(19): warning:  #1295-D: Deprecated declaration GetKey2R - give arg types
..\..\User\key\bsp_key.h(20): warning:  #1295-D: Deprecated declaration GetKey3L - give arg types
..\..\User\key\bsp_key.h(21): warning:  #1295-D: Deprecated declaration GetKey3R - give arg types
..\..\User\key\bsp_key.h(22): warning:  #1295-D: Deprecated declaration GetKey4L - give arg types
..\..\User\key\bsp_key.h(23): warning:  #1295-D: Deprecated declaration GetKey4R - give arg types
..\..\User\led\bsp_led.c(56): warning:  #177-D: function "delay" was declared but never referenced
compiling TIMER.c...
compiling FLASH.c...
compiling SIM800L.C...
..\..\User\sim800l\SIM800L.h(8): warning:  #1295-D: Deprecated declaration GPSVLD - give arg types
..\..\User\sim800l\SIM800L.h(11): warning:  #1295-D: Deprecated declaration GetKeyCHG - give arg types
..\..\User\sim800l\SIM800L.h(14): warning:  #1295-D: Deprecated declaration CBCDATA - give arg types
..\..\User\sim800l\SIM800L.C(32): warning:  #177-D: variable "i" was declared but never referenced
..\..\User\sim800l\SIM800L.C(33): warning:  #177-D: variable "RecLen" was declared but never referenced
..\..\User\sim800l\SIM800L.C(34): warning:  #177-D: variable "Ubyte" was declared but never referenced
..\..\User\sim800l\SIM800L.C(201): warning:  #167-D: argument of type "u8 *" is incompatible with parameter of type "const char *"
..\..\User\sim800l\SIM800L.C(196): warning:  #177-D: variable "x" was declared but never referenced
..\..\User\sim800l\SIM800L.C(196): warning:  #177-D: variable "y" was declared but never referenced
..\..\User\sim800l\SIM800L.C(257): warning:  #167-D: argument of type "u8 *" is incompatible with parameter of type "const char *"
..\..\User\sim800l\SIM800L.C(257): warning:  #513-D: a value of type "char *" cannot be assigned to an entity of type "unsigned char *"
..\..\User\sim800l\SIM800L.C(269): warning:  #167-D: argument of type "u8 *" is incompatible with parameter of type "const char *"
..\..\User\sim800l\SIM800L.C(269): warning:  #513-D: a value of type "char *" cannot be assigned to an entity of type "unsigned char *"
..\..\User\sim800l\SIM800L.C(294): warning:  #167-D: argument of type "u8 *" is incompatible with parameter of type "const char *"
..\..\User\sim800l\SIM800L.C(294): warning:  #513-D: a value of type "char *" cannot be assigned to an entity of type "unsigned char *"
linking...
Program Size: Code=8920 RO-data=336 RW-data=160 ZI-data=2912  
FromELF: creating hex file...
"..\..\Output\Template.axf" - 0 Errors, 64 Warning(s).
Load "..\\..\\Output\\Template.axf" 
Set JLink Project File to "G:\github\ICT_LaboratoryProject_STM32\Project\RVMDKú¿uv4ú®\JLinkSettings.ini"
* JLink Info: Device "STM32F103ZE" selected (512 KB flash, 64 KB RAM).
 
JLink info:
------------
DLL: V4.68a, compiled Apr 12 2013 13:26:50
Firmware: J-Link V9 compiled Jan 29 2015 11:26:22
Hardware: V9.20
Feature(s) : GDB, RDI, FlashBP, FlashDL, JFlash 
 
* JLink Info: Found SWD-DP with ID 0x1BA01477
* JLink Info: Found SWD-DP with ID 0x1BA01477
* JLink Info: TPIU fitted.
* JLink Info: FPUnit: 6 code (BP) slots and 2 literal slots
* JLink Info: Found Cortex-M3 r1p1, Little endian.
ROMTableAddr = 0xE00FF003
 
Target info:
------------
Device: STM32F103ZE
VTarget = 3.293V
State of Pins: 
TCK: 0, TDI: 0, TDO: 0, TMS: 1, TRES: 1, TRST: 1
Hardware-Breakpoints: 6
Software-Breakpoints: 8192
Watchpoints:          4
JTAG speed: 500 kHz
 
Full Chip Erase Done.
Programming Done.
Verify OK.
Application running ...
