ARM Linker, 5.03 [Build 76] [MDK-ARM Lite]

==============================================================================

Section Cross References

    startup_stm32f10x_hd.o(RESET) refers to startup_stm32f10x_hd.o(STACK) for __initial_sp
    startup_stm32f10x_hd.o(RESET) refers to startup_stm32f10x_hd.o(.text) for Reset_Handler
    startup_stm32f10x_hd.o(RESET) refers to stm32f10x_it.o(i.NMI_Handler) for NMI_Handler
    startup_stm32f10x_hd.o(RESET) refers to stm32f10x_it.o(i.HardFault_Handler) for HardFault_Handler
    startup_stm32f10x_hd.o(RESET) refers to stm32f10x_it.o(i.MemManage_Handler) for MemManage_Handler
    startup_stm32f10x_hd.o(RESET) refers to stm32f10x_it.o(i.BusFault_Handler) for BusFault_Handler
    startup_stm32f10x_hd.o(RESET) refers to stm32f10x_it.o(i.UsageFault_Handler) for UsageFault_Handler
    startup_stm32f10x_hd.o(RESET) refers to stm32f10x_it.o(i.SVC_Handler) for SVC_Handler
    startup_stm32f10x_hd.o(RESET) refers to stm32f10x_it.o(i.DebugMon_Handler) for DebugMon_Handler
    startup_stm32f10x_hd.o(RESET) refers to stm32f10x_it.o(i.PendSV_Handler) for PendSV_Handler
    startup_stm32f10x_hd.o(RESET) refers to stm32f10x_it.o(i.SysTick_Handler) for SysTick_Handler
    startup_stm32f10x_hd.o(RESET) refers to stm32f10x_it.o(i.RTC_IRQHandler) for RTC_IRQHandler
    startup_stm32f10x_hd.o(RESET) refers to stm32f10x_it.o(i.EXTI0_IRQHandler) for EXTI0_IRQHandler
    startup_stm32f10x_hd.o(RESET) refers to stm32f10x_it.o(i.EXTI4_IRQHandler) for EXTI4_IRQHandler
    startup_stm32f10x_hd.o(RESET) refers to bsp_usart1.o(i.DMA1_Channel4_IRQHandler) for DMA1_Channel4_IRQHandler
    startup_stm32f10x_hd.o(RESET) refers to bsp_usart2.o(i.DMA1_Channel7_IRQHandler) for DMA1_Channel7_IRQHandler
    startup_stm32f10x_hd.o(RESET) refers to stm32f10x_it.o(i.USB_HP_CAN1_TX_IRQHandler) for USB_HP_CAN1_TX_IRQHandler
    startup_stm32f10x_hd.o(RESET) refers to stm32f10x_it.o(i.USB_LP_CAN1_RX0_IRQHandler) for USB_LP_CAN1_RX0_IRQHandler
    startup_stm32f10x_hd.o(RESET) refers to stm32f10x_it.o(i.TIM2_IRQHandler) for TIM2_IRQHandler
    startup_stm32f10x_hd.o(RESET) refers to bsp_usart1.o(i.USART1_IRQHandler) for USART1_IRQHandler
    startup_stm32f10x_hd.o(RESET) refers to bsp_usart2.o(i.USART2_IRQHandler) for USART2_IRQHandler
    startup_stm32f10x_hd.o(RESET) refers to stm32f10x_it.o(i.EXTI15_10_IRQHandler) for EXTI15_10_IRQHandler
    startup_stm32f10x_hd.o(RESET) refers to stm32f10x_it.o(i.SDIO_IRQHandler) for SDIO_IRQHandler
    startup_stm32f10x_hd.o(.text) refers to system_stm32f10x.o(i.SystemInit) for SystemInit
    startup_stm32f10x_hd.o(.text) refers to entry.o(.ARM.Collect$$$$00000000) for __main
    system_stm32f10x.o(i.SetSysClock) refers to system_stm32f10x.o(i.SetSysClockTo72) for SetSysClockTo72
    system_stm32f10x.o(i.SystemCoreClockUpdate) refers to system_stm32f10x.o(.data) for .data
    system_stm32f10x.o(i.SystemInit) refers to system_stm32f10x.o(i.SetSysClock) for SetSysClock
    stm32f10x_adc.o(i.ADC_DeInit) refers to stm32f10x_rcc.o(i.RCC_APB2PeriphResetCmd) for RCC_APB2PeriphResetCmd
    stm32f10x_bkp.o(i.BKP_DeInit) refers to stm32f10x_rcc.o(i.RCC_BackupResetCmd) for RCC_BackupResetCmd
    stm32f10x_can.o(i.CAN_DeInit) refers to stm32f10x_rcc.o(i.RCC_APB1PeriphResetCmd) for RCC_APB1PeriphResetCmd
    stm32f10x_can.o(i.CAN_GetITStatus) refers to stm32f10x_can.o(i.CheckITStatus) for CheckITStatus
    stm32f10x_cec.o(i.CEC_DeInit) refers to stm32f10x_rcc.o(i.RCC_APB1PeriphResetCmd) for RCC_APB1PeriphResetCmd
    stm32f10x_dac.o(i.DAC_DeInit) refers to stm32f10x_rcc.o(i.RCC_APB1PeriphResetCmd) for RCC_APB1PeriphResetCmd
    stm32f10x_flash.o(i.FLASH_EnableWriteProtection) refers to stm32f10x_flash.o(i.FLASH_WaitForLastOperation) for FLASH_WaitForLastOperation
    stm32f10x_flash.o(i.FLASH_EraseAllBank1Pages) refers to stm32f10x_flash.o(i.FLASH_WaitForLastBank1Operation) for FLASH_WaitForLastBank1Operation
    stm32f10x_flash.o(i.FLASH_EraseAllPages) refers to stm32f10x_flash.o(i.FLASH_WaitForLastOperation) for FLASH_WaitForLastOperation
    stm32f10x_flash.o(i.FLASH_EraseOptionBytes) refers to stm32f10x_flash.o(i.FLASH_GetReadOutProtectionStatus) for FLASH_GetReadOutProtectionStatus
    stm32f10x_flash.o(i.FLASH_EraseOptionBytes) refers to stm32f10x_flash.o(i.FLASH_WaitForLastOperation) for FLASH_WaitForLastOperation
    stm32f10x_flash.o(i.FLASH_ErasePage) refers to stm32f10x_flash.o(i.FLASH_WaitForLastOperation) for FLASH_WaitForLastOperation
    stm32f10x_flash.o(i.FLASH_ProgramHalfWord) refers to stm32f10x_flash.o(i.FLASH_WaitForLastOperation) for FLASH_WaitForLastOperation
    stm32f10x_flash.o(i.FLASH_ProgramOptionByteData) refers to stm32f10x_flash.o(i.FLASH_WaitForLastOperation) for FLASH_WaitForLastOperation
    stm32f10x_flash.o(i.FLASH_ProgramWord) refers to stm32f10x_flash.o(i.FLASH_WaitForLastOperation) for FLASH_WaitForLastOperation
[...]
    ../clib/microlib/longlong.c              0x00000000   Number         0  llsshr.o ABSOLUTE
    ../clib/microlib/longlong.c              0x00000000   Number         0  llushr.o ABSOLUTE
    ../clib/microlib/longlong.c              0x00000000   Number         0  llshl.o ABSOLUTE
    ../clib/microlib/printf/printf.c         0x00000000   Number         0  printfb.o ABSOLUTE
    ../clib/microlib/printf/printf.c         0x00000000   Number         0  printfa.o ABSOLUTE
    ../clib/microlib/printf/printf.c         0x00000000   Number         0  printf8.o ABSOLUTE
    ../clib/microlib/printf/printf.c         0x00000000   Number         0  printf7.o ABSOLUTE
    ../clib/microlib/printf/printf.c         0x00000000   Number         0  printf6.o ABSOLUTE
    ../clib/microlib/printf/printf.c         0x00000000   Number         0  printf5.o ABSOLUTE
    ../clib/microlib/printf/printf.c         0x00000000   Number         0  printf4.o ABSOLUTE
    ../clib/microlib/printf/printf.c         0x00000000   Number         0  printf3.o ABSOLUTE
    ../clib/microlib/printf/printf.c         0x00000000   Number         0  printf2.o ABSOLUTE
    ../clib/microlib/printf/printf.c         0x00000000   Number         0  printf1.o ABSOLUTE
    ../clib/microlib/printf/printf.c         0x00000000   Number         0  printf0.o ABSOLUTE
    ../clib/microlib/printf/stubs.s          0x00000000   Number         0  stubs.o ABSOLUTE
    ../clib/microlib/string/memcpy.c         0x00000000   Number         0  memcpya.o ABSOLUTE
    ../clib/microlib/string/memcpy.c         0x00000000   Number         0  memcpyb.o ABSOLUTE
    ../clib/microlib/string/memset.c         0x00000000   Number         0  memseta.o ABSOLUTE
    ../clib/microlib/string/strcat.c         0x00000000   Number         0  strcat.o ABSOLUTE
    ../clib/microlib/string/strlen.c         0x00000000   Number         0  strlen.o ABSOLUTE
    ../clib/microlib/string/strncat.c        0x00000000   Number         0  strncat.o ABSOLUTE
    ../clib/microlib/string/strstr.c         0x00000000   Number         0  strstr.o ABSOLUTE
    ../clib/microlib/stubs.s                 0x00000000   Number         0  useno.o ABSOLUTE
    ../clib/microlib/stubs.s                 0x00000000   Number         0  iusefp.o ABSOLUTE
    ../clib/scanf.c                          0x00000000   Number         0  scanf_char.o ABSOLUTE
    ../clib/scanf.c                          0x00000000   Number         0  __0sscanf.o ABSOLUTE
    ../clib/scanf.c                          0x00000000   Number         0  _scanf.o ABSOLUTE
    ../clib/scanf.c                          0x00000000   Number         0  _sgetc.o ABSOLUTE
    ../clib/scanf.c                          0x00000000   Number         0  scanf_fp.o ABSOLUTE
    ../fplib/microlib/d2f.c                  0x00000000   Number         0  d2f.o ABSOLUTE
    ../fplib/microlib/f2d.c                  0x00000000   Number         0  f2d.o ABSOLUTE
    ../fplib/microlib/fpadd.c                0x00000000   Number         0  fadd.o ABSOLUTE
    ../fplib/microlib/fpadd.c                0x00000000   Number         0  dadd.o ABSOLUTE
    ../fplib/microlib/fpdiv.c                0x00000000   Number         0  ddiv.o ABSOLUTE
    ../fplib/microlib/fpdiv.c                0x00000000   Number         0  fdiv.o ABSOLUTE
    ../fplib/microlib/fpepilogue.c           0x00000000   Number         0  fepilogue.o ABSOLUTE
    ../fplib/microlib/fpepilogue.c           0x00000000   Number         0  depilogue.o ABSOLUTE
    ../fplib/microlib/fpfix.c                0x00000000   Number         0  ffixi.o ABSOLUTE
    ../fplib/microlib/fpfix.c                0x00000000   Number         0  dfixul.o ABSOLUTE
    ../fplib/microlib/fpflt.c                0x00000000   Number         0  fflti.o ABSOLUTE
    ../fplib/microlib/fpflt.c                0x00000000   Number         0  dfltul.o ABSOLUTE
    ../fplib/microlib/fpmul.c                0x00000000   Number         0  dmul.o ABSOLUTE
    ..\..\Libraries\CMSIS\core_cm3.c         0x00000000   Number         0  core_cm3.o ABSOLUTE
    ..\..\Libraries\CMSIS\startup\startup_stm32f10x_hd.s 0x00000000   Number         0  startup_stm32f10x_hd.o ABSOLUTE
    ..\..\Libraries\CMSIS\system_stm32f10x.c 0x00000000   Number         0  system_stm32f10x.o ABSOLUTE
    ..\..\Libraries\FWlib\src\misc.c         0x00000000   Number         0  misc.o ABSOLUTE
    ..\..\Libraries\FWlib\src\stm32f10x_adc.c 0x00000000   Number         0  stm32f10x_adc.o ABSOLUTE
    ..\..\Libraries\FWlib\src\stm32f10x_bkp.c 0x00000000   Number         0  stm32f10x_bkp.o ABSOLUTE
    ..\..\Libraries\FWlib\src\stm32f10x_can.c 0x00000000   Number         0  stm32f10x_can.o ABSOLUTE
    ..\..\Libraries\FWlib\src\stm32f10x_cec.c 0x00000000   Number         0  stm32f10x_cec.o ABSOLUTE
    ..\..\Libraries\FWlib\src\stm32f10x_crc.c 0x00000000   Number         0  stm32f10x_crc.o ABSOLUTE
    ..\..\Libraries\FWlib\src\stm32f10x_dac.c 0x00000000   Number         0  stm32f10x_dac.o ABSOLUTE
    ..\..\Libraries\FWlib\src\stm32f10x_dbgmcu.c 0x00000000   Number         0  stm32f10x_dbgmcu.o ABSOLUTE
    ..\..\Libraries\FWlib\src\stm32f10x_dma.c 0x00000000   Number         0  stm32f10x_dma.o ABSOLUTE
    ..\..\Libraries\FWlib\src\stm32f10x_exti.c 0x00000000   Number         0  stm32f10x_exti.o ABSOLUTE
    ..\..\Libraries\FWlib\src\stm32f10x_flash.c 0x00000000   Number         0  stm32f10x_flash.o ABSOLUTE
    ..\..\Libraries\FWlib\src\stm32f10x_fsmc.c 0x00000000   Number         0  stm32f10x_fsmc.o ABSOLUTE
    ..\..\Libraries\FWlib\src\stm32f10x_gpio.c 0x00000000   Number         0  stm32f10x_gpio.o ABSOLUTE
    ..\..\Libraries\FWlib\src\stm32f10x_i2c.c 0x00000000   Number         0  stm32f10x_i2c.o ABSOLUTE
    ..\..\Libraries\FWlib\src\stm32f10x_iwdg.c 0x00000000   Number         0  stm32f10x_iwdg.o ABSOLUTE
    ..\..\Libraries\FWlib\src\stm32f10x_pwr.c 0x00000000   Number         0  stm32f10x_pwr.o ABSOLUTE
    ..\..\Libraries\FWlib\src\stm32f10x_rcc.c 0x00000000   Number         0  stm32f10x_rcc.o ABSOLUTE
    ..\..\Libraries\FWlib\src\stm32f10x_rtc.c 0x00000000   Number         0  stm32f10x_rtc.o ABSOLUTE
    ..\..\Libraries\FWlib\src\stm32f10x_sdio.c 0x00000000   Number         0  stm32f10x_sdio.o ABSOLUTE
    ..\..\Libraries\FWlib\src\stm32f10x_spi.c 0x00000000   Number         0  stm32f10x_spi.o ABSOLUTE
    ..\..\Libraries\FWlib\src\stm32f10x_tim.c 0x00000000   Number         0  stm32f10x_tim.o ABSOLUTE
    ..\..\Libraries\FWlib\src\stm32f10x_usart.c 0x00000000   Number         0  stm32f10x_usart.o ABSOLUTE
    ..\..\Libraries\FWlib\src\stm32f10x_wwdg.c 0x00000000   Number         0  stm32f10x_wwdg.o ABSOLUTE
    ..\..\User\SysTick\bsp_SysTick.c         0x00000000   Number         0  bsp_systick.o ABSOLUTE
    ..\..\User\flash\FLASH.c                 0x00000000   Number         0  flash.o ABSOLUTE
    ..\..\User\iso\bsp_iso_test.c            0x00000000   Number         0  bsp_iso_test.o ABSOLUTE
    ..\..\User\led\bsp_led.c                 0x00000000   Number         0  bsp_led.o ABSOLUTE
    ..\..\User\main.c                        0x00000000   Number         0  main.o ABSOLUTE
    ..\..\User\sim800l\SIM800L.C             0x00000000   Number         0  sim800l.o ABSOLUTE
    ..\..\User\stm32f10x_it.c                0x00000000   Number         0  stm32f10x_it.o ABSOLUTE
    ..\..\User\timer\TIMER.c                 0x00000000   Number         0  timer.o ABSOLUTE
    ..\..\User\usart\bsp_usart1.c            0x00000000   Number         0  bsp_usart1.o ABSOLUTE
    ..\..\User\usart\bsp_usart2.c            0x00000000   Number         0  bsp_usart2.o ABSOLUTE
    ..\..\User\usart\printf_init.c           0x00000000   Number         0  printf_init.o ABSOLUTE
    ..\\..\\Libraries\\CMSIS\\core_cm3.c     0x00000000   Number         0  core_cm3.o ABSOLUTE
    cdrcmple.s                               0x00000000   Number         0  cdrcmple.o ABSOLUTE
    dc.s                                     0x00000000   Number         0  dc.o ABSOLUTE
    handlers.s                               0x00000000   Number         0  handlers.o ABSOLUTE
    init.s                                   0x00000000   Number         0  init.o ABSOLUTE
    RESET                                    0x08000000   Section      304  startup_stm32f10x_hd.o(RESET)
    .ARM.Collect$$$$00000000                 0x08000130   Section        0  entry.o(.ARM.Collect$$$$00000000)
    .ARM.Collect$$$$00000001                 0x08000130   Section        4  entry2.o(.ARM.Collect$$$$00000001)
    .ARM.Collect$$$$00000004                 0x08000134   Section        4  entry5.o(.ARM.Collect$$$$00000004)
    .ARM.Collect$$$$00000008                 0x08000138   Section        0  entry7b.o(.ARM.Collect$$$$00000008)
    .ARM.Collect$$$$0000000A                 0x08000138   Section        0  entry8b.o(.ARM.Collect$$$$0000000A)
    .ARM.Collect$$$$0000000B                 0x08000138   Section        8  entry9a.o(.ARM.Collect$$$$0000000B)
    .ARM.Collect$$$$0000000D                 0x08000140   Section        0  entry10a.o(.ARM.Collect$$$$0000000D)
    .ARM.Collect$$$$0000000F                 0x08000140   Section        0  entry11a.o(.ARM.Collect$$$$0000000F)
    .ARM.Collect$$$$00002712                 0x08000140   Section        4  entry2.o(.ARM.Collect$$$$00002712)
    __lit__00000000                          0x08000140   Data           4  entry2.o(.ARM.Collect$$$$00002712)
    .text                                    0x08000144   Section       36  startup_stm32f10x_hd.o(.text)
    .text                                    0x08000168   Section        0  memcpya.o(.text)
    .text                                    0x0800018c   Section        0  memseta.o(.text)
    .text                                    0x080001b0   Section        0  strcat.o(.text)
    .text                                    0x080001c8   Section        0  strstr.o(.text)
    .text                                    0x080001ec   Section        0  strlen.o(.text)
    .text                                    0x080001fa   Section        0  strncat.o(.text)
    .text                                    0x08000224   Section        0  __0sscanf.o(.text)
    .text                                    0x0800025c   Section        0  scanf_fp.o(.text)
    _fp_value                                0x0800025d   Thumb Code   256  scanf_fp.o(.text)
    .text                                    0x08000598   Section        0  fadd.o(.text)
    .text                                    0x08000648   Section        0  fdiv.o(.text)
    .text                                    0x080006c8   Section        0  fflti.o(.text)
    .text                                    0x080006da   Section        0  ffixi.o(.text)
    .text                                    0x0800070c   Section        0  f2d.o(.text)
    .text                                    0x08000732   Section        0  uidiv.o(.text)
    .text                                    0x0800075e   Section        0  uldiv.o(.text)
    .text                                    0x080007c0   Section        0  scanf_char.o(.text)
    _scanf_char_input                        0x080007c1   Thumb Code    12  scanf_char.o(.text)
    .text                                    0x080007e8   Section        0  _sgetc.o(.text)
    .text                                    0x08000828   Section        0  iusefp.o(.text)
    .text                                    0x08000828   Section        0  fepilogue.o(.text)
    .text                                    0x08000894   Section        0  dadd.o(.text)
    .text                                    0x080009e2   Section        0  dmul.o(.text)
    .text                                    0x08000ac6   Section        0  ddiv.o(.text)
    .text                                    0x08000ba4   Section        0  dfltul.o(.text)
    .text                                    0x08000bbc   Section        0  dfixul.o(.text)
    .text                                    0x08000bec   Section       40  cdrcmple.o(.text)
    .text                                    0x08000c14   Section        0  d2f.o(.text)
    .text                                    0x08000c4c   Section       36  init.o(.text)
    .text                                    0x08000c70   Section        0  llshl.o(.text)
    .text                                    0x08000c8e   Section        0  llushr.o(.text)
    .text                                    0x08000cae   Section        0  llsshr.o(.text)
    .text                                    0x08000cd2   Section        0  isspace_c.o(.text)
    .text                                    0x08000cdc   Section        0  _scanf.o(.text)
    .text                                    0x08001008   Section        0  depilogue.o(.text)
    .text                                    0x080010c8   Section        0  ctype_c.o(.text)
    i.BusFault_Handler                       0x080010f0   Section        0  stm32f10x_it.o(i.BusFault_Handler)
    i.CBCDATA                                0x080010f4   Section        0  sim800l.o(i.CBCDATA)
    i.DMA1_Channel4_IRQHandler               0x08001150   Section        0  bsp_usart1.o(i.DMA1_Channel4_IRQHandler)
    i.DMA1_Channel7_IRQHandler               0x08001184   Section        0  bsp_usart2.o(i.DMA1_Channel7_IRQHandler)
    i.DMA_ClearFlag                          0x080011b8   Section        0  stm32f10x_dma.o(i.DMA_ClearFlag)
    i.DMA_Cmd                                0x080011d4   Section        0  stm32f10x_dma.o(i.DMA_Cmd)
    i.DMA_DeInit                             0x080011f0   Section        0  stm32f10x_dma.o(i.DMA_DeInit)
    i.DMA_GetFlagStatus                      0x080012e8   Section        0  stm32f10x_dma.o(i.DMA_GetFlagStatus)
    i.DMA_ITConfig                           0x0800130c   Section        0  stm32f10x_dma.o(i.DMA_ITConfig)
    i.DMA_Init                               0x08001320   Section        0  stm32f10x_dma.o(i.DMA_Init)
    i.DebugMon_Handler                       0x0800135a   Section        0  stm32f10x_it.o(i.DebugMon_Handler)
    i.Delay_MS                               0x0800135c   Section        0  sim800l.o(i.Delay_MS)
    Delay_MS                                 0x0800135d   Thumb Code    12  sim800l.o(i.Delay_MS)
    i.EXTI0_IRQHandler                       0x08001368   Section        0  stm32f10x_it.o(i.EXTI0_IRQHandler)
    i.EXTI15_10_IRQHandler                   0x08001380   Section        0  stm32f10x_it.o(i.EXTI15_10_IRQHandler)
    i.EXTI4_IRQHandler                       0x080013c8   Section        0  stm32f10x_it.o(i.EXTI4_IRQHandler)
    i.EXTI_ClearFlag                         0x080013cc   Section        0  stm32f10x_exti.o(i.EXTI_ClearFlag)
    i.EXTI_ClearITPendingBit                 0x080013d8   Section        0  stm32f10x_exti.o(i.EXTI_ClearITPendingBit)
    i.EXTI_GetITStatus                       0x080013e4   Section        0  stm32f10x_exti.o(i.EXTI_GetITStatus)
    i.FLASH_PrefetchBufferCmd                0x08001404   Section        0  stm32f10x_flash.o(i.FLASH_PrefetchBufferCmd)
    i.FLASH_SetLatency                       0x0800141c   Section        0  stm32f10x_flash.o(i.FLASH_SetLatency)
    i.GPIO_Init                              0x08001430   Section        0  stm32f10x_gpio.o(i.GPIO_Init)
    i.GPIO_PinRemapConfig                    0x080014d4   Section        0  stm32f10x_gpio.o(i.GPIO_PinRemapConfig)
    i.GPIO_ReadInputDataBit                  0x08001530   Section        0  stm32f10x_gpio.o(i.GPIO_ReadInputDataBit)
    i.GPIO_ResetBits                         0x0800153e   Section        0  stm32f10x_gpio.o(i.GPIO_ResetBits)
    i.GPIO_SetBits                           0x08001542   Section        0  stm32f10x_gpio.o(i.GPIO_SetBits)
    i.GPSDATA                                0x08001548   Section        0  sim800l.o(i.GPSDATA)
    i.GPSVLD                                 0x08001678   Section        0  sim800l.o(i.GPSVLD)
    i.GSMDATA                                0x08001698   Section        0  sim800l.o(i.GSMDATA)
    i.GetId                                  0x08001708   Section        0  main.o(i.GetId)
    i.GetKeyCHG                              0x0800178c   Section        0  sim800l.o(i.GetKeyCHG)
    i.HardFault_Handler                      0x0800179c   Section        0  stm32f10x_it.o(i.HardFault_Handler)
    i.ISO_Init                               0x080017b4   Section        0  bsp_iso_test.o(i.ISO_Init)
    i.Key_Scan                               0x080017d0   Section        0  sim800l.o(i.Key_Scan)
    i.LED_GPIO_Config                        0x080017e4   Section        0  bsp_led.o(i.LED_GPIO_Config)
    i.LookUSART2_GetBuffCount                0x08001818   Section        0  bsp_usart2.o(i.LookUSART2_GetBuffCount)
    i.MemManage_Handler                      0x08001824   Section        0  stm32f10x_it.o(i.MemManage_Handler)
    i.NMI_Handler                            0x08001826   Section        0  stm32f10x_it.o(i.NMI_Handler)
    i.NVIC_Configuration                     0x08001828   Section        0  timer.o(i.NVIC_Configuration)
    i.NVIC_Init                              0x08001850   Section        0  misc.o(i.NVIC_Init)
    i.NVIC_PriorityGroupConfig               0x080018b4   Section        0  misc.o(i.NVIC_PriorityGroupConfig)
    i.PendSV_Handler                         0x080018c8   Section        0  stm32f10x_it.o(i.PendSV_Handler)
    i.RCC_AHBPeriphClockCmd                  0x080018cc   Section        0  stm32f10x_rcc.o(i.RCC_AHBPeriphClockCmd)
    i.RCC_APB1PeriphClockCmd                 0x080018e8   Section        0  stm32f10x_rcc.o(i.RCC_APB1PeriphClockCmd)
    i.RCC_APB2PeriphClockCmd                 0x08001904   Section        0  stm32f10x_rcc.o(i.RCC_APB2PeriphClockCmd)
    i.RCC_Configuration                      0x08001920   Section        0  timer.o(i.RCC_Configuration)
    i.RCC_DeInit                             0x080019a0   Section        0  stm32f10x_rcc.o(i.RCC_DeInit)
    i.RCC_GetClocksFreq                      0x080019e0   Section        0  stm32f10x_rcc.o(i.RCC_GetClocksFreq)
    i.RCC_GetFlagStatus                      0x08001a8c   Section        0  stm32f10x_rcc.o(i.RCC_GetFlagStatus)
    i.RCC_GetSYSCLKSource                    0x08001abc   Section        0  stm32f10x_rcc.o(i.RCC_GetSYSCLKSource)
    i.RCC_HCLKConfig                         0x08001acc   Section        0  stm32f10x_rcc.o(i.RCC_HCLKConfig)
    i.RCC_HSEConfig                          0x08001ae0   Section        0  stm32f10x_rcc.o(i.RCC_HSEConfig)
    i.RCC_PCLK1Config                        0x08001b18   Section        0  stm32f10x_rcc.o(i.RCC_PCLK1Config)
    i.RCC_PCLK2Config                        0x08001b2c   Section        0  stm32f10x_rcc.o(i.RCC_PCLK2Config)
    i.RCC_PLLCmd                             0x08001b40   Section        0  stm32f10x_rcc.o(i.RCC_PLLCmd)
    i.RCC_PLLConfig                          0x08001b4c   Section        0  stm32f10x_rcc.o(i.RCC_PLLConfig)
    i.RCC_SYSCLKConfig                       0x08001b60   Section        0  stm32f10x_rcc.o(i.RCC_SYSCLKConfig)
    i.RCC_WaitForHSEStartUp                  0x08001b74   Section        0  stm32f10x_rcc.o(i.RCC_WaitForHSEStartUp)
    i.RTC_ClearITPendingBit                  0x08001ba4   Section        0  stm32f10x_rtc.o(i.RTC_ClearITPendingBit)
    i.RTC_GetITStatus                        0x08001bb4   Section        0  stm32f10x_rtc.o(i.RTC_GetITStatus)
    i.RTC_IRQHandler                         0x08001bd4   Section        0  stm32f10x_it.o(i.RTC_IRQHandler)
    i.RTC_WaitForLastTask                    0x08001bf0   Section        0  stm32f10x_rtc.o(i.RTC_WaitForLastTask)
    i.SDIO_IRQHandler                        0x08001c00   Section        0  stm32f10x_it.o(i.SDIO_IRQHandler)
    i.SIM_GPIO_Config                        0x08001c04   Section        0  sim800l.o(i.SIM_GPIO_Config)
    i.SVC_Handler                            0x08001c30   Section        0  stm32f10x_it.o(i.SVC_Handler)
    i.SetSysClock                            0x08001c32   Section        0  system_stm32f10x.o(i.SetSysClock)
    SetSysClock                              0x08001c33   Thumb Code     4  system_stm32f10x.o(i.SetSysClock)
    i.SetSysClockTo72                        0x08001c38   Section        0  system_stm32f10x.o(i.SetSysClockTo72)
    SetSysClockTo72                          0x08001c39   Thumb Code   166  system_stm32f10x.o(i.SetSysClockTo72)
    i.Set_PrintfPort                         0x08001ce8   Section        0  printf_init.o(i.Set_PrintfPort)
    i.Sim_ini                                0x08001d34   Section        0  sim800l.o(i.Sim_ini)
    i.SysTick_Handler                        0x080021ac   Section        0  stm32f10x_it.o(i.SysTick_Handler)
    i.SystemInit                             0x080021b0   Section        0  system_stm32f10x.o(i.SystemInit)
    i.TIM2_Configuration                     0x08002200   Section        0  timer.o(i.TIM2_Configuration)
    i.TIM2_IRQHandler                        0x080022b4   Section        0  stm32f10x_it.o(i.TIM2_IRQHandler)
    i.TIM_ClearITPendingBit                  0x080023f8   Section        0  stm32f10x_tim.o(i.TIM_ClearITPendingBit)
    i.TIM_Cmd                                0x080023fe   Section        0  stm32f10x_tim.o(i.TIM_Cmd)
    i.TIM_GetCapture1                        0x08002416   Section        0  stm32f10x_tim.o(i.TIM_GetCapture1)
    i.TIM_GetCapture2                        0x0800241a   Section        0  stm32f10x_tim.o(i.TIM_GetCapture2)
    i.TIM_GetCapture3                        0x0800241e   Section        0  stm32f10x_tim.o(i.TIM_GetCapture3)
    i.TIM_GetCapture4                        0x08002422   Section        0  stm32f10x_tim.o(i.TIM_GetCapture4)
    i.TIM_GetITStatus                        0x08002428   Section        0  stm32f10x_tim.o(i.TIM_GetITStatus)
    i.TIM_ITConfig                           0x08002440   Section        0  stm32f10x_tim.o(i.TIM_ITConfig)
    i.TIM_OC1Init                            0x08002454   Section        0  stm32f10x_tim.o(i.TIM_OC1Init)
    i.TIM_OC1PreloadConfig                   0x080024dc   Section        0  stm32f10x_tim.o(i.TIM_OC1PreloadConfig)
    i.TIM_OC2Init                            0x080024e8   Section        0  stm32f10x_tim.o(i.TIM_OC2Init)
    i.TIM_OC2PreloadConfig                   0x08002570   Section        0  stm32f10x_tim.o(i.TIM_OC2PreloadConfig)
    i.TIM_OC3Init                            0x08002584   Section        0  stm32f10x_tim.o(i.TIM_OC3Init)
    i.TIM_OC3PreloadConfig                   0x08002608   Section        0  stm32f10x_tim.o(i.TIM_OC3PreloadConfig)
    i.TIM_OC4Init                            0x08002614   Section        0  stm32f10x_tim.o(i.TIM_OC4Init)
    i.TIM_OC4PreloadConfig                   0x0800267c   Section        0  stm32f10x_tim.o(i.TIM_OC4PreloadConfig)
    i.TIM_PrescalerConfig                    0x08002690   Section        0  stm32f10x_tim.o(i.TIM_PrescalerConfig)
    i.TIM_SetCompare1                        0x08002696   Section        0  stm32f10x_tim.o(i.TIM_SetCompare1)
    i.TIM_SetCompare2                        0x0800269a   Section        0  stm32f10x_tim.o(i.TIM_SetCompare2)
    i.TIM_SetCompare3                        0x0800269e   Section        0  stm32f10x_tim.o(i.TIM_SetCompare3)
    i.TIM_SetCompare4                        0x080026a2   Section        0  stm32f10x_tim.o(i.TIM_SetCompare4)
    i.TIM_TimeBaseInit                       0x080026a8   Section        0  stm32f10x_tim.o(i.TIM_TimeBaseInit)
    i.TimingDelay_Decrement                  0x08002744   Section        0  bsp_systick.o(i.TimingDelay_Decrement)
    i.USART1_Config                          0x08002758   Section        0  bsp_usart1.o(i.USART1_Config)
    i.USART1_DMATxd_Init                     0x08002798   Section        0  bsp_usart1.o(i.USART1_DMATxd_Init)
    i.USART1_GPIO_Init                       0x0800280c   Section        0  bsp_usart1.o(i.USART1_GPIO_Init)
    i.USART1_IRQHandler                      0x08002850   Section        0  bsp_usart1.o(i.USART1_IRQHandler)
    i.USART1_Init                            0x080028d0   Section        0  bsp_usart1.o(i.USART1_Init)
    i.USART1_NVIC_Init                       0x0800290c   Section        0  bsp_usart1.o(i.USART1_NVIC_Init)
    i.USART1_RX_Buffer_init                  0x08002930   Section        0  bsp_usart1.o(i.USART1_RX_Buffer_init)
    i.USART1_SendByte                        0x08002950   Section        0  bsp_usart1.o(i.USART1_SendByte)
    i.USART2_Config                          0x08002970   Section        0  bsp_usart2.o(i.USART2_Config)
    i.USART2_DMAS                            0x080029b0   Section        0  sim800l.o(i.USART2_DMAS)
    i.USART2_DMASS                           0x080029c4   Section        0  sim800l.o(i.USART2_DMASS)
    i.USART2_DMASendString                   0x08002a38   Section        0  bsp_usart2.o(i.USART2_DMASendString)
    i.USART2_DMATxd_Init                     0x08002a74   Section        0  bsp_usart2.o(i.USART2_DMATxd_Init)
    i.USART2_GPIO_Init                       0x08002ae8   Section        0  bsp_usart2.o(i.USART2_GPIO_Init)
    i.USART2_GetByte                         0x08002b28   Section        0  bsp_usart2.o(i.USART2_GetByte)
    i.USART2_IRQHandler                      0x08002b58   Section        0  bsp_usart2.o(i.USART2_IRQHandler)
    i.USART2_Init                            0x08002bd8   Section        0  bsp_usart2.o(i.USART2_Init)
    i.USART2_NVIC_Init                       0x08002c14   Section        0  bsp_usart2.o(i.USART2_NVIC_Init)
    i.USART2_RX_Buffer_Clear                 0x08002c38   Section        0  bsp_usart2.o(i.USART2_RX_Buffer_Clear)
    i.USART2_RX_Buffer_init                  0x08002c4c   Section        0  bsp_usart2.o(i.USART2_RX_Buffer_init)
    i.USART2_SendByte                        0x08002c6c   Section        0  bsp_usart2.o(i.USART2_SendByte)
    i.USART_ClearITPendingBit                0x08002c8c   Section        0  stm32f10x_usart.o(i.USART_ClearITPendingBit)
    i.USART_Cmd                              0x08002c9c   Section        0  stm32f10x_usart.o(i.USART_Cmd)
    i.USART_DMACmd                           0x08002cb4   Section        0  stm32f10x_usart.o(i.USART_DMACmd)
    i.USART_GetFlagStatus                    0x08002cc8   Section        0  stm32f10x_usart.o(i.USART_GetFlagStatus)
    i.USART_GetITStatus                      0x08002cd6   Section        0  stm32f10x_usart.o(i.USART_GetITStatus)
    i.USART_ITConfig                         0x08002d16   Section        0  stm32f10x_usart.o(i.USART_ITConfig)
    i.USART_Init                             0x08002d4c   Section        0  stm32f10x_usart.o(i.USART_Init)
    i.USART_ReceiveData                      0x08002e08   Section        0  stm32f10x_usart.o(i.USART_ReceiveData)
    i.USART_SendData                         0x08002e10   Section        0  stm32f10x_usart.o(i.USART_SendData)
    i.USB_HP_CAN1_TX_IRQHandler              0x08002e18   Section        0  stm32f10x_it.o(i.USB_HP_CAN1_TX_IRQHandler)
    i.USB_LP_CAN1_RX0_IRQHandler             0x08002e1a   Section        0  stm32f10x_it.o(i.USB_LP_CAN1_RX0_IRQHandler)
    i.UsageFault_Handler                     0x08002e1c   Section        0  stm32f10x_it.o(i.UsageFault_Handler)
    i.__0printf                              0x08002e20   Section        0  printfa.o(i.__0printf)
    i.__0sprintf                             0x08002e40   Section        0  printfa.o(i.__0sprintf)
    i.__scatterload_copy                     0x08002e68   Section       14  handlers.o(i.__scatterload_copy)
    i.__scatterload_null                     0x08002e76   Section        2  handlers.o(i.__scatterload_null)
    i.__scatterload_zeroinit                 0x08002e78   Section       14  handlers.o(i.__scatterload_zeroinit)
    i._fp_digits                             0x08002e88   Section        0  printfa.o(i._fp_digits)
    _fp_digits                               0x08002e89   Thumb Code   326  printfa.o(i._fp_digits)
    i._is_digit                              0x08002fe4   Section        0  scanf_fp.o(i._is_digit)
    i._printf_core                           0x08002ff4   Section        0  printfa.o(i._printf_core)
    _printf_core                             0x08002ff5   Thumb Code  1762  printfa.o(i._printf_core)
    i._printf_post_padding                   0x080036e4   Section        0  printfa.o(i._printf_post_padding)
    _printf_post_padding                     0x080036e5   Thumb Code    38  printfa.o(i._printf_post_padding)
    i._printf_pre_padding                    0x0800370a   Section        0  printfa.o(i._printf_pre_padding)
    _printf_pre_padding                      0x0800370b   Thumb Code    48  printfa.o(i._printf_pre_padding)
    i._sputc                                 0x0800373a   Section        0  printfa.o(i._sputc)
    _sputc                                   0x0800373b   Thumb Code    10  printfa.o(i._sputc)
    i.delay                                  0x08003744   Section        0  main.o(i.delay)
    delay                                    0x08003745   Thumb Code    28  main.o(i.delay)
    i.fputc                                  0x08003760   Section        0  printf_init.o(i.fputc)
    i.main                                   0x08003788   Section        0  main.o(i.main)
    i.process_uart2_dmass_data               0x08003b04   Section        0  main.o(i.process_uart2_dmass_data)
    .constdata                               0x08003b4c   Section       64  ctype_c.o(.constdata)
    .data                                    0x20000000   Section       20  stm32f10x_rcc.o(.data)
    ADCPrescTable                            0x20000000   Data           4  stm32f10x_rcc.o(.data)
    APBAHBPrescTable                         0x20000004   Data          16  stm32f10x_rcc.o(.data)
    .data                                    0x20000014   Section        1  main.o(.data)
    .data                                    0x20000015   Section        1  main.o(.data)
    .data                                    0x20000016   Section       70  main.o(.data)
    .data                                    0x2000005c   Section        1  main.o(.data)
    .data                                    0x2000005d   Section        1  main.o(.data)
    .data                                    0x20000060   Section       32  bsp_usart1.o(.data)
    USART1_GetChar                           0x20000060   Data           1  bsp_usart1.o(.data)
    .data                                    0x20000080   Section       32  bsp_usart2.o(.data)
    USART2_GetChar                           0x20000080   Data           1  bsp_usart2.o(.data)
    .data                                    0x200000a0   Section        4  printf_init.o(.data)
    USARTNow                                 0x200000a0   Data           4  printf_init.o(.data)
    .data                                    0x200000a4   Section        4  printf_init.o(.data)
    .data                                    0x200000a8   Section        4  bsp_systick.o(.data)
    TimingDelay                              0x200000a8   Data           4  bsp_systick.o(.data)
    .data                                    0x200000ac   Section        8  timer.o(.data)
    .bss                                     0x200000b4   Section      500  main.o(.bss)
    .bss                                     0x200002a8   Section      628  bsp_usart1.o(.bss)
    USART1RxBuffer                           0x200002a8   Data         500  bsp_usart1.o(.bss)
    USART1TxBuffer                           0x2000049c   Data         128  bsp_usart1.o(.bss)
    .bss                                     0x2000051c   Section      756  bsp_usart2.o(.bss)
    USART2RxBuffer                           0x2000051c   Data         500  bsp_usart2.o(.bss)
    USART2TxBuffer                           0x20000710   Data         256  bsp_usart2.o(.bss)
    STACK                                    0x20000810   Section     1024  startup_stm32f10x_hd.o(STACK)

    Global Symbols

    Symbol Name                              Value     Ov Type        Size  Object(Section)

    BuildAttributes$$THM_ISAv4$P$D$K$B$S$PE$A:L22UL41UL21$X:L11$S22US41US21$IEEE1$IW$USESV6$~STKCKD$USESV7$~SHL$OTIME$ROPI$EBA8$MICROLIB$REQ8$PRES8$EABIv2 0x00000000   Number         0  anon$$obj.o ABSOLUTE
    __ARM_use_no_argv                        0x00000000   Number         0  main.o ABSOLUTE
    __use_no_errno                           0x00000000   Number         0  useno.o ABSOLUTE
    __use_no_exception_handling              0x00000000   Number         0  useno.o ABSOLUTE
    __use_no_fp                              0x00000000   Number         0  useno.o ABSOLUTE
    __use_no_heap                            0x00000000   Number         0  useno.o ABSOLUTE
    __use_no_heap_region                     0x00000000   Number         0  useno.o ABSOLUTE
    __use_no_semihosting                     0x00000000   Number         0  useno.o ABSOLUTE
    __use_no_semihosting_swi                 0x00000000   Number         0  useno.o ABSOLUTE
    __use_no_signal_handling                 0x00000000   Number         0  useno.o ABSOLUTE
    _printf_a                                0x00000000   Number         0  stubs.o ABSOLUTE
    _printf_c                                0x00000000   Number         0  stubs.o ABSOLUTE
    _printf_charcount                        0x00000000   Number         0  stubs.o ABSOLUTE
    _printf_d                                0x00000000   Number         0  stubs.o ABSOLUTE
    _printf_e                                0x00000000   Number         0  stubs.o ABSOLUTE
    _printf_f                                0x00000000   Number         0  stubs.o ABSOLUTE
    _printf_flags                            0x00000000   Number         0  stubs.o ABSOLUTE
    _printf_fp_dec                           0x00000000   Number         0  stubs.o ABSOLUTE
    _printf_fp_hex                           0x00000000   Number         0  stubs.o ABSOLUTE
    _printf_g                                0x00000000   Number         0  stubs.o ABSOLUTE
    _printf_i                                0x00000000   Number         0  stubs.o ABSOLUTE
    _printf_int_dec                          0x00000000   Number         0  stubs.o ABSOLUTE
    _printf_l                                0x00000000   Number         0  stubs.o ABSOLUTE
    _printf_lc                               0x00000000   Number         0  stubs.o ABSOLUTE
    _printf_ll                               0x00000000   Number         0  stubs.o ABSOLUTE
    _printf_lld                              0x00000000   Number         0  stubs.o ABSOLUTE
    _printf_lli                              0x00000000   Number         0  stubs.o ABSOLUTE
    _printf_llo                              0x00000000   Number         0  stubs.o ABSOLUTE
    _printf_llu                              0x00000000   Number         0  stubs.o ABSOLUTE
    _printf_llx                              0x00000000   Number         0  stubs.o ABSOLUTE
    _printf_longlong_dec                     0x00000000   Number         0  stubs.o ABSOLUTE
    _printf_longlong_hex                     0x00000000   Number         0  stubs.o ABSOLUTE
    _printf_longlong_oct                     0x00000000   Number         0  stubs.o ABSOLUTE
    _printf_ls                               0x00000000   Number         0  stubs.o ABSOLUTE
    _printf_mbtowc                           0x00000000   Number         0  stubs.o ABSOLUTE
    _printf_n                                0x00000000   Number         0  stubs.o ABSOLUTE
    _printf_o                                0x00000000   Number         0  stubs.o ABSOLUTE
    _printf_p                                0x00000000   Number         0  stubs.o ABSOLUTE
    _printf_percent                          0x00000000   Number         0  stubs.o ABSOLUTE
    _printf_pre_padding                      0x00000000   Number         0  stubs.o ABSOLUTE
    _printf_return_value                     0x00000000   Number         0  stubs.o ABSOLUTE
    _printf_s                                0x00000000   Number         0  stubs.o ABSOLUTE
    _printf_sizespec                         0x00000000   Number         0  stubs.o ABSOLUTE
    _printf_str                              0x00000000   Number         0  stubs.o ABSOLUTE
    _printf_truncate_signed                  0x00000000   Number         0  stubs.o ABSOLUTE
    _printf_truncate_unsigned                0x00000000   Number         0  stubs.o ABSOLUTE
    _printf_u                                0x00000000   Number         0  stubs.o ABSOLUTE
    _printf_wc                               0x00000000   Number         0  stubs.o ABSOLUTE
    _printf_wctomb                           0x00000000   Number         0  stubs.o ABSOLUTE
    _printf_widthprec                        0x00000000   Number         0  stubs.o ABSOLUTE
    _printf_x                                0x00000000   Number         0  stubs.o ABSOLUTE
    __cpp_initialize__aeabi_                  - Undefined Weak Reference
    __cxa_finalize                            - Undefined Weak Reference
    __decompress                              - Undefined Weak Reference
    _clock_init                               - Undefined Weak Reference
    _microlib_exit                            - Undefined Weak Reference
    _scanf_int                                - Undefined Weak Reference
    _scanf_longlong                           - Undefined Weak Reference
    _scanf_string                             - Undefined Weak Reference
    __Vectors_Size                           0x00000130   Number         0  startup_stm32f10x_hd.o ABSOLUTE
    __Vectors                                0x08000000   Data           4  startup_stm32f10x_hd.o(RESET)
    __Vectors_End                            0x08000130   Data           0  startup_stm32f10x_hd.o(RESET)
    __main                                   0x08000131   Thumb Code     0  entry.o(.ARM.Collect$$$$00000000)
    _main_stk                                0x08000131   Thumb Code     0  entry2.o(.ARM.Collect$$$$00000001)
    _main_scatterload                        0x08000135   Thumb Code     0  entry5.o(.ARM.Collect$$$$00000004)
    __main_after_scatterload                 0x08000139   Thumb Code     0  entry5.o(.ARM.Collect$$$$00000004)
    _main_clock                              0x08000139   Thumb Code     0  entry7b.o(.ARM.Collect$$$$00000008)
    _main_cpp_init                           0x08000139   Thumb Code     0  entry8b.o(.ARM.Collect$$$$0000000A)
    _main_init                               0x08000139   Thumb Code     0  entry9a.o(.ARM.Collect$$$$0000000B)
    __rt_final_cpp                           0x08000141   Thumb Code     0  entry10a.o(.ARM.Collect$$$$0000000D)
    __rt_final_exit                          0x08000141   Thumb Code     0  entry11a.o(.ARM.Collect$$$$0000000F)
    Reset_Handler                            0x08000145   Thumb Code     8  startup_stm32f10x_hd.o(.text)
    ADC1_2_IRQHandler                        0x0800015f   Thumb Code     0  startup_stm32f10x_hd.o(.text)
    ADC3_IRQHandler                          0x0800015f   Thumb Code     0  startup_stm32f10x_hd.o(.text)
    CAN1_RX1_IRQHandler                      0x0800015f   Thumb Code     0  startup_stm32f10x_hd.o(.text)
    CAN1_SCE_IRQHandler                      0x0800015f   Thumb Code     0  startup_stm32f10x_hd.o(.text)
    DMA1_Channel1_IRQHandler                 0x0800015f   Thumb Code     0  startup_stm32f10x_hd.o(.text)
    DMA1_Channel2_IRQHandler                 0x0800015f   Thumb Code     0  startup_stm32f10x_hd.o(.text)
    DMA1_Channel3_IRQHandler                 0x0800015f   Thumb Code     0  startup_stm32f10x_hd.o(.text)
    DMA1_Channel5_IRQHandler                 0x0800015f   Thumb Code     0  startup_stm32f10x_hd.o(.text)
    DMA1_Channel6_IRQHandler                 0x0800015f   Thumb Code     0  startup_stm32f10x_hd.o(.text)
    DMA2_Channel1_IRQHandler                 0x0800015f   Thumb Code     0  startup_stm32f10x_hd.o(.text)
    DMA2_Channel2_IRQHandler                 0x0800015f   Thumb Code     0  startup_stm32f10x_hd.o(.text)
    DMA2_Channel3_IRQHandler                 0x0800015f   Thumb Code     0  startup_stm32f10x_hd.o(.text)
    DMA2_Channel4_5_IRQHandler               0x0800015f   Thumb Code     0  startup_stm32f10x_hd.o(.text)
    EXTI1_IRQHandler                         0x0800015f   Thumb Code     0  startup_stm32f10x_hd.o(.text)
    EXTI2_IRQHandler                         0x0800015f   Thumb Code     0  startup_stm32f10x_hd.o(.text)
    EXTI3_IRQHandler                         0x0800015f   Thumb Code     0  startup_stm32f10x_hd.o(.text)
    EXTI9_5_IRQHandler                       0x0800015f   Thumb Code     0  startup_stm32f10x_hd.o(.text)
    FLASH_IRQHandler                         0x0800015f   Thumb Code     0  startup_stm32f10x_hd.o(.text)
    FSMC_IRQHandler                          0x0800015f   Thumb Code     0  startup_stm32f10x_hd.o(.text)
    I2C1_ER_IRQHandler                       0x0800015f   Thumb Code     0  startup_stm32f10x_hd.o(.text)
    I2C1_EV_IRQHandler                       0x0800015f   Thumb Code     0  startup_stm32f10x_hd.o(.text)
    I2C2_ER_IRQHandler                       0x0800015f   Thumb Code     0  startup_stm32f10x_hd.o(.text)
    I2C2_EV_IRQHandler                       0x0800015f   Thumb Code     0  startup_stm32f10x_hd.o(.text)
    PVD_IRQHandler                           0x0800015f   Thumb Code     0  startup_stm32f10x_hd.o(.text)
    RCC_IRQHandler                           0x0800015f   Thumb Code     0  startup_stm32f10x_hd.o(.text)
    RTCAlarm_IRQHandler                      0x0800015f   Thumb Code     0  startup_stm32f10x_hd.o(.text)
    SPI1_IRQHandler                          0x0800015f   Thumb Code     0  startup_stm32f10x_hd.o(.text)
    SPI2_IRQHandler                          0x0800015f   Thumb Code     0  startup_stm32f10x_hd.o(.text)
    SPI3_IRQHandler                          0x0800015f   Thumb Code     0  startup_stm32f10x_hd.o(.text)
    TAMPER_IRQHandler                        0x0800015f   Thumb Code     0  startup_stm32f10x_hd.o(.text)
    TIM1_BRK_IRQHandler                      0x0800015f   Thumb Code     0  startup_stm32f10x_hd.o(.text)
    TIM1_CC_IRQHandler                       0x0800015f   Thumb Code     0  startup_stm32f10x_hd.o(.text)
    TIM1_TRG_COM_IRQHandler                  0x0800015f   Thumb Code     0  startup_stm32f10x_hd.o(.text)
    TIM1_UP_IRQHandler                       0x0800015f   Thumb Code     0  startup_stm32f10x_hd.o(.text)
    TIM3_IRQHandler                          0x0800015f   Thumb Code     0  startup_stm32f10x_hd.o(.text)
    TIM4_IRQHandler                          0x0800015f   Thumb Code     0  startup_stm32f10x_hd.o(.text)
    TIM5_IRQHandler                          0x0800015f   Thumb Code     0  startup_stm32f10x_hd.o(.text)
    TIM6_IRQHandler                          0x0800015f   Thumb Code     0  startup_stm32f10x_hd.o(.text)
    TIM7_IRQHandler                          0x0800015f   Thumb Code     0  startup_stm32f10x_hd.o(.text)
    TIM8_BRK_IRQHandler                      0x0800015f   Thumb Code     0  startup_stm32f10x_hd.o(.text)
    TIM8_CC_IRQHandler                       0x0800015f   Thumb Code     0  startup_stm32f10x_hd.o(.text)
    TIM8_TRG_COM_IRQHandler                  0x0800015f   Thumb Code     0  startup_stm32f10x_hd.o(.text)
    TIM8_UP_IRQHandler                       0x0800015f   Thumb Code     0  startup_stm32f10x_hd.o(.text)
    UART4_IRQHandler                         0x0800015f   Thumb Code     0  startup_stm32f10x_hd.o(.text)
    UART5_IRQHandler                         0x0800015f   Thumb Code     0  startup_stm32f10x_hd.o(.text)
    USART3_IRQHandler                        0x0800015f   Thumb Code     0  startup_stm32f10x_hd.o(.text)
    USBWakeUp_IRQHandler                     0x0800015f   Thumb Code     0  startup_stm32f10x_hd.o(.text)
    WWDG_IRQHandler                          0x0800015f   Thumb Code     0  startup_stm32f10x_hd.o(.text)
    __aeabi_memcpy                           0x08000169   Thumb Code    36  memcpya.o(.text)
    __aeabi_memcpy4                          0x08000169   Thumb Code     0  memcpya.o(.text)
    __aeabi_memcpy8                          0x08000169   Thumb Code     0  memcpya.o(.text)
    __aeabi_memset                           0x0800018d   Thumb Code    14  memseta.o(.text)
    __aeabi_memset4                          0x0800018d   Thumb Code     0  memseta.o(.text)
    __aeabi_memset8                          0x0800018d   Thumb Code     0  memseta.o(.text)
    __aeabi_memclr                           0x0800019b   Thumb Code     4  memseta.o(.text)
    __aeabi_memclr4                          0x0800019b   Thumb Code     0  memseta.o(.text)
    __aeabi_memclr8                          0x0800019b   Thumb Code     0  memseta.o(.text)
    _memset$wrapper                          0x0800019f   Thumb Code    18  memseta.o(.text)
    strcat                                   0x080001b1   Thumb Code    24  strcat.o(.text)
    strstr                                   0x080001c9   Thumb Code    36  strstr.o(.text)
    strlen                                   0x080001ed   Thumb Code    14  strlen.o(.text)
    strncat                                  0x080001fb   Thumb Code    40  strncat.o(.text)
    __0sscanf                                0x08000225   Thumb Code    48  __0sscanf.o(.text)
    _scanf_real                              0x0800035d   Thumb Code     0  scanf_fp.o(.text)
    _scanf_really_real                       0x0800035d   Thumb Code   560  scanf_fp.o(.text)
    __aeabi_fadd                             0x08000599   Thumb Code   164  fadd.o(.text)
    __aeabi_fsub                             0x0800063d   Thumb Code     6  fadd.o(.text)
    __aeabi_frsub                            0x08000643   Thumb Code     6  fadd.o(.text)
    __aeabi_fdiv                             0x08000649   Thumb Code   128  fdiv.o(.text)
    __aeabi_i2f                              0x080006c9   Thumb Code    18  fflti.o(.text)
    __aeabi_f2iz                             0x080006db   Thumb Code    50  ffixi.o(.text)
    __aeabi_f2d                              0x0800070d   Thumb Code    38  f2d.o(.text)
    __aeabi_uidiv                            0x08000733   Thumb Code     0  uidiv.o(.text)
    __aeabi_uidivmod                         0x08000733   Thumb Code    44  uidiv.o(.text)
    __aeabi_uldivmod                         0x0800075f   Thumb Code    98  uldiv.o(.text)
    __vfscanf_char                           0x080007cd   Thumb Code    20  scanf_char.o(.text)
    _sgetc                                   0x080007e9   Thumb Code    30  _sgetc.o(.text)
    _sbackspace                              0x08000807   Thumb Code    34  _sgetc.o(.text)
    __I$use$fp                               0x08000829   Thumb Code     0  iusefp.o(.text)
    _float_round                             0x08000829   Thumb Code    18  fepilogue.o(.text)
    _float_epilogue                          0x0800083b   Thumb Code    90  fepilogue.o(.text)
    __aeabi_dadd                             0x08000895   Thumb Code   322  dadd.o(.text)
    __aeabi_dsub                             0x080009d7   Thumb Code     6  dadd.o(.text)
    __aeabi_drsub                            0x080009dd   Thumb Code     6  dadd.o(.text)
    __aeabi_dmul                             0x080009e3   Thumb Code   228  dmul.o(.text)
    __aeabi_ddiv                             0x08000ac7   Thumb Code   222  ddiv.o(.text)
    __aeabi_ul2d                             0x08000ba5   Thumb Code    24  dfltul.o(.text)
    __aeabi_d2ulz                            0x08000bbd   Thumb Code    48  dfixul.o(.text)
    __aeabi_cdrcmple                         0x08000bed   Thumb Code    38  cdrcmple.o(.text)
    __aeabi_d2f                              0x08000c15   Thumb Code    56  d2f.o(.text)
    __scatterload                            0x08000c4d   Thumb Code    28  init.o(.text)
    __scatterload_rt2                        0x08000c4d   Thumb Code     0  init.o(.text)
    __aeabi_llsl                             0x08000c71   Thumb Code    30  llshl.o(.text)
    _ll_shift_l                              0x08000c71   Thumb Code     0  llshl.o(.text)
    __aeabi_llsr                             0x08000c8f   Thumb Code    32  llushr.o(.text)
    _ll_ushift_r                             0x08000c8f   Thumb Code     0  llushr.o(.text)
    __aeabi_lasr                             0x08000caf   Thumb Code    36  llsshr.o(.text)
    _ll_sshift_r                             0x08000caf   Thumb Code     0  llsshr.o(.text)
    isspace                                  0x08000cd3   Thumb Code    10  isspace_c.o(.text)
    __vfscanf                                0x08000cdd   Thumb Code   806  _scanf.o(.text)
    _double_round                            0x08001009   Thumb Code    26  depilogue.o(.text)
    _double_epilogue                         0x08001023   Thumb Code   164  depilogue.o(.text)
    __ctype_lookup                           0x080010c9   Thumb Code    34  ctype_c.o(.text)
    BusFault_Handler                         0x080010f1   Thumb Code     2  stm32f10x_it.o(i.BusFault_Handler)
    CBCDATA                                  0x080010f5   Thumb Code    76  sim800l.o(i.CBCDATA)
    DMA1_Channel4_IRQHandler                 0x08001151   Thumb Code    42  bsp_usart1.o(i.DMA1_Channel4_IRQHandler)
    DMA1_Channel7_IRQHandler                 0x08001185   Thumb Code    42  bsp_usart2.o(i.DMA1_Channel7_IRQHandler)
    DMA_ClearFlag                            0x080011b9   Thumb Code    18  stm32f10x_dma.o(i.DMA_ClearFlag)
    DMA_Cmd                                  0x080011d5   Thumb Code    26  stm32f10x_dma.o(i.DMA_Cmd)
    DMA_DeInit                               0x080011f1   Thumb Code   238  stm32f10x_dma.o(i.DMA_DeInit)
    DMA_GetFlagStatus                        0x080012e9   Thumb Code    28  stm32f10x_dma.o(i.DMA_GetFlagStatus)
    DMA_ITConfig                             0x0800130d   Thumb Code    20  stm32f10x_dma.o(i.DMA_ITConfig)
    DMA_Init                                 0x08001321   Thumb Code    58  stm32f10x_dma.o(i.DMA_Init)
    DebugMon_Handler                         0x0800135b   Thumb Code     2  stm32f10x_it.o(i.DebugMon_Handler)
    EXTI0_IRQHandler                         0x08001369   Thumb Code    24  stm32f10x_it.o(i.EXTI0_IRQHandler)
    EXTI15_10_IRQHandler                     0x08001381   Thumb Code    58  stm32f10x_it.o(i.EXTI15_10_IRQHandler)
    EXTI4_IRQHandler                         0x080013c9   Thumb Code     2  stm32f10x_it.o(i.EXTI4_IRQHandler)
    EXTI_ClearFlag                           0x080013cd   Thumb Code     6  stm32f10x_exti.o(i.EXTI_ClearFlag)
    EXTI_ClearITPendingBit                   0x080013d9   Thumb Code     6  stm32f10x_exti.o(i.EXTI_ClearITPendingBit)
    EXTI_GetITStatus                         0x080013e5   Thumb Code    28  stm32f10x_exti.o(i.EXTI_GetITStatus)
    FLASH_PrefetchBufferCmd                  0x08001405   Thumb Code    18  stm32f10x_flash.o(i.FLASH_PrefetchBufferCmd)
    FLASH_SetLatency                         0x0800141d   Thumb Code    14  stm32f10x_flash.o(i.FLASH_SetLatency)
    GPIO_Init                                0x08001431   Thumb Code   162  stm32f10x_gpio.o(i.GPIO_Init)
    GPIO_PinRemapConfig                      0x080014d5   Thumb Code    86  stm32f10x_gpio.o(i.GPIO_PinRemapConfig)
    GPIO_ReadInputDataBit                    0x08001531   Thumb Code    14  stm32f10x_gpio.o(i.GPIO_ReadInputDataBit)
    GPIO_ResetBits                           0x0800153f   Thumb Code     4  stm32f10x_gpio.o(i.GPIO_ResetBits)
    GPIO_SetBits                             0x08001543   Thumb Code     4  stm32f10x_gpio.o(i.GPIO_SetBits)
    GPSDATA                                  0x08001549   Thumb Code   240  sim800l.o(i.GPSDATA)
    GPSVLD                                   0x08001679   Thumb Code    14  sim800l.o(i.GPSVLD)
    GSMDATA                                  0x08001699   Thumb Code    80  sim800l.o(i.GSMDATA)
    GetId                                    0x08001709   Thumb Code   122  main.o(i.GetId)
    GetKeyCHG                                0x0800178d   Thumb Code    12  sim800l.o(i.GetKeyCHG)
    HardFault_Handler                        0x0800179d   Thumb Code     8  stm32f10x_it.o(i.HardFault_Handler)
    ISO_Init                                 0x080017b5   Thumb Code    28  bsp_iso_test.o(i.ISO_Init)
    Key_Scan                                 0x080017d1   Thumb Code    20  sim800l.o(i.Key_Scan)
    LED_GPIO_Config                          0x080017e5   Thumb Code    48  bsp_led.o(i.LED_GPIO_Config)
    LookUSART2_GetBuffCount                  0x08001819   Thumb Code     6  bsp_usart2.o(i.LookUSART2_GetBuffCount)
    MemManage_Handler                        0x08001825   Thumb Code     2  stm32f10x_it.o(i.MemManage_Handler)
    NMI_Handler                              0x08001827   Thumb Code     2  stm32f10x_it.o(i.NMI_Handler)
    NVIC_Configuration                       0x08001829   Thumb Code    38  timer.o(i.NVIC_Configuration)
    NVIC_Init                                0x08001851   Thumb Code    92  misc.o(i.NVIC_Init)
    NVIC_PriorityGroupConfig                 0x080018b5   Thumb Code    10  misc.o(i.NVIC_PriorityGroupConfig)
    PendSV_Handler                           0x080018c9   Thumb Code     2  stm32f10x_it.o(i.PendSV_Handler)
    RCC_AHBPeriphClockCmd                    0x080018cd   Thumb Code    22  stm32f10x_rcc.o(i.RCC_AHBPeriphClockCmd)
    RCC_APB1PeriphClockCmd                   0x080018e9   Thumb Code    22  stm32f10x_rcc.o(i.RCC_APB1PeriphClockCmd)
    RCC_APB2PeriphClockCmd                   0x08001905   Thumb Code    22  stm32f10x_rcc.o(i.RCC_APB2PeriphClockCmd)
    RCC_Configuration                        0x08001921   Thumb Code   122  timer.o(i.RCC_Configuration)
    RCC_DeInit                               0x080019a1   Thumb Code    50  stm32f10x_rcc.o(i.RCC_DeInit)
    RCC_GetClocksFreq                        0x080019e1   Thumb Code   154  stm32f10x_rcc.o(i.RCC_GetClocksFreq)
    RCC_GetFlagStatus                        0x08001a8d   Thumb Code    42  stm32f10x_rcc.o(i.RCC_GetFlagStatus)
    RCC_GetSYSCLKSource                      0x08001abd   Thumb Code    10  stm32f10x_rcc.o(i.RCC_GetSYSCLKSource)
    RCC_HCLKConfig                           0x08001acd   Thumb Code    14  stm32f10x_rcc.o(i.RCC_HCLKConfig)
    RCC_HSEConfig                            0x08001ae1   Thumb Code    50  stm32f10x_rcc.o(i.RCC_HSEConfig)
    RCC_PCLK1Config                          0x08001b19   Thumb Code    14  stm32f10x_rcc.o(i.RCC_PCLK1Config)
    RCC_PCLK2Config                          0x08001b2d   Thumb Code    16  stm32f10x_rcc.o(i.RCC_PCLK2Config)
    RCC_PLLCmd                               0x08001b41   Thumb Code     6  stm32f10x_rcc.o(i.RCC_PLLCmd)
    RCC_PLLConfig                            0x08001b4d   Thumb Code    16  stm32f10x_rcc.o(i.RCC_PLLConfig)
    RCC_SYSCLKConfig                         0x08001b61   Thumb Code    14  stm32f10x_rcc.o(i.RCC_SYSCLKConfig)
    RCC_WaitForHSEStartUp                    0x08001b75   Thumb Code    48  stm32f10x_rcc.o(i.RCC_WaitForHSEStartUp)
    RTC_ClearITPendingBit                    0x08001ba5   Thumb Code    10  stm32f10x_rtc.o(i.RTC_ClearITPendingBit)
    RTC_GetITStatus                          0x08001bb5   Thumb Code    28  stm32f10x_rtc.o(i.RTC_GetITStatus)
    RTC_IRQHandler                           0x08001bd5   Thumb Code    28  stm32f10x_it.o(i.RTC_IRQHandler)
    RTC_WaitForLastTask                      0x08001bf1   Thumb Code    10  stm32f10x_rtc.o(i.RTC_WaitForLastTask)
    SDIO_IRQHandler                          0x08001c01   Thumb Code     2  stm32f10x_it.o(i.SDIO_IRQHandler)
    SIM_GPIO_Config                          0x08001c05   Thumb Code    40  sim800l.o(i.SIM_GPIO_Config)
    SVC_Handler                              0x08001c31   Thumb Code     2  stm32f10x_it.o(i.SVC_Handler)
    Set_PrintfPort                           0x08001ce9   Thumb Code    50  printf_init.o(i.Set_PrintfPort)
    Sim_ini                                  0x08001d35   Thumb Code   606  sim800l.o(i.Sim_ini)
    SysTick_Handler                          0x080021ad   Thumb Code     4  stm32f10x_it.o(i.SysTick_Handler)
    SystemInit                               0x080021b1   Thumb Code    64  system_stm32f10x.o(i.SystemInit)
    TIM2_Configuration                       0x08002201   Thumb Code   176  timer.o(i.TIM2_Configuration)
    TIM2_IRQHandler                          0x080022b5   Thumb Code   284  stm32f10x_it.o(i.TIM2_IRQHandler)
    TIM_ClearITPendingBit                    0x080023f9   Thumb Code     6  stm32f10x_tim.o(i.TIM_ClearITPendingBit)
    TIM_Cmd                                  0x080023ff   Thumb Code    24  stm32f10x_tim.o(i.TIM_Cmd)
    TIM_GetCapture1                          0x08002417   Thumb Code     4  stm32f10x_tim.o(i.TIM_GetCapture1)
    TIM_GetCapture2                          0x0800241b   Thumb Code     4  stm32f10x_tim.o(i.TIM_GetCapture2)
    TIM_GetCapture3                          0x0800241f   Thumb Code     4  stm32f10x_tim.o(i.TIM_GetCapture3)
    TIM_GetCapture4                          0x08002423   Thumb Code     6  stm32f10x_tim.o(i.TIM_GetCapture4)
    TIM_GetITStatus                          0x08002429   Thumb Code    24  stm32f10x_tim.o(i.TIM_GetITStatus)
    TIM_ITConfig                             0x08002441   Thumb Code    20  stm32f10x_tim.o(i.TIM_ITConfig)
    TIM_OC1Init                              0x08002455   Thumb Code   114  stm32f10x_tim.o(i.TIM_OC1Init)
    TIM_OC1PreloadConfig                     0x080024dd   Thumb Code    12  stm32f10x_tim.o(i.TIM_OC1PreloadConfig)
    TIM_OC2Init                              0x080024e9   Thumb Code   128  stm32f10x_tim.o(i.TIM_OC2Init)
    TIM_OC2PreloadConfig                     0x08002571   Thumb Code    20  stm32f10x_tim.o(i.TIM_OC2PreloadConfig)
    TIM_OC3Init                              0x08002585   Thumb Code   124  stm32f10x_tim.o(i.TIM_OC3Init)
    TIM_OC3PreloadConfig                     0x08002609   Thumb Code    12  stm32f10x_tim.o(i.TIM_OC3PreloadConfig)
    TIM_OC4Init                              0x08002615   Thumb Code    94  stm32f10x_tim.o(i.TIM_OC4Init)
    TIM_OC4PreloadConfig                     0x0800267d   Thumb Code    20  stm32f10x_tim.o(i.TIM_OC4PreloadConfig)
    TIM_PrescalerConfig                      0x08002691   Thumb Code     6  stm32f10x_tim.o(i.TIM_PrescalerConfig)
    TIM_SetCompare1                          0x08002697   Thumb Code     4  stm32f10x_tim.o(i.TIM_SetCompare1)
    TIM_SetCompare2                          0x0800269b   Thumb Code     4  stm32f10x_tim.o(i.TIM_SetCompare2)
    TIM_SetCompare3                          0x0800269f   Thumb Code     4  stm32f10x_tim.o(i.TIM_SetCompare3)
    TIM_SetCompare4                          0x080026a3   Thumb Code     6  stm32f10x_tim.o(i.TIM_SetCompare4)
    TIM_TimeBaseInit                         0x080026a9   Thumb Code   114  stm32f10x_tim.o(i.TIM_TimeBaseInit)
    TimingDelay_Decrement                    0x08002745   Thumb Code    16  bsp_systick.o(i.TimingDelay_Decrement)
    USART1_Config                            0x08002759   Thumb Code    58  bsp_usart1.o(i.USART1_Config)
    USART1_DMATxd_Init                       0x08002799   Thumb Code   104  bsp_usart1.o(i.USART1_DMATxd_Init)
    USART1_GPIO_Init                         0x0800280d   Thumb Code    62  bsp_usart1.o(i.USART1_GPIO_Init)
    USART1_IRQHandler                        0x08002851   Thumb Code   118  bsp_usart1.o(i.USART1_IRQHandler)
    USART1_Init                              0x080028d1   Thumb Code    50  bsp_usart1.o(i.USART1_Init)
    USART1_NVIC_Init                         0x0800290d   Thumb Code    34  bsp_usart1.o(i.USART1_NVIC_Init)
    USART1_RX_Buffer_init                    0x08002931   Thumb Code    24  bsp_usart1.o(i.USART1_RX_Buffer_init)
    USART1_SendByte                          0x08002951   Thumb Code    26  bsp_usart1.o(i.USART1_SendByte)
    USART2_Config                            0x08002971   Thumb Code    58  bsp_usart2.o(i.USART2_Config)
    USART2_DMAS                              0x080029b1   Thumb Code    20  sim800l.o(i.USART2_DMAS)
    USART2_DMASS                             0x080029c5   Thumb Code   112  sim800l.o(i.USART2_DMASS)
    USART2_DMASendString                     0x08002a39   Thumb Code    46  bsp_usart2.o(i.USART2_DMASendString)
    USART2_DMATxd_Init                       0x08002a75   Thumb Code   104  bsp_usart2.o(i.USART2_DMATxd_Init)
    USART2_GPIO_Init                         0x08002ae9   Thumb Code    58  bsp_usart2.o(i.USART2_GPIO_Init)
    USART2_GetByte                           0x08002b29   Thumb Code    44  bsp_usart2.o(i.USART2_GetByte)
    USART2_IRQHandler                        0x08002b59   Thumb Code   118  bsp_usart2.o(i.USART2_IRQHandler)
    USART2_Init                              0x08002bd9   Thumb Code    50  bsp_usart2.o(i.USART2_Init)
    USART2_NVIC_Init                         0x08002c15   Thumb Code    34  bsp_usart2.o(i.USART2_NVIC_Init)
    USART2_RX_Buffer_Clear                   0x08002c39   Thumb Code    14  bsp_usart2.o(i.USART2_RX_Buffer_Clear)
    USART2_RX_Buffer_init                    0x08002c4d   Thumb Code    24  bsp_usart2.o(i.USART2_RX_Buffer_init)
    USART2_SendByte                          0x08002c6d   Thumb Code    26  bsp_usart2.o(i.USART2_SendByte)
    USART_ClearITPendingBit                  0x08002c8d   Thumb Code    16  stm32f10x_usart.o(i.USART_ClearITPendingBit)
    USART_Cmd                                0x08002c9d   Thumb Code    24  stm32f10x_usart.o(i.USART_Cmd)
    USART_DMACmd                             0x08002cb5   Thumb Code    20  stm32f10x_usart.o(i.USART_DMACmd)
    USART_GetFlagStatus                      0x08002cc9   Thumb Code    14  stm32f10x_usart.o(i.USART_GetFlagStatus)
    USART_GetITStatus                        0x08002cd7   Thumb Code    64  stm32f10x_usart.o(i.USART_GetITStatus)
    USART_ITConfig                           0x08002d17   Thumb Code    54  stm32f10x_usart.o(i.USART_ITConfig)
    USART_Init                               0x08002d4d   Thumb Code   182  stm32f10x_usart.o(i.USART_Init)
    USART_ReceiveData                        0x08002e09   Thumb Code     8  stm32f10x_usart.o(i.USART_ReceiveData)
    USART_SendData                           0x08002e11   Thumb Code     8  stm32f10x_usart.o(i.USART_SendData)
    USB_HP_CAN1_TX_IRQHandler                0x08002e19   Thumb Code     2  stm32f10x_it.o(i.USB_HP_CAN1_TX_IRQHandler)
    USB_LP_CAN1_RX0_IRQHandler               0x08002e1b   Thumb Code     2  stm32f10x_it.o(i.USB_LP_CAN1_RX0_IRQHandler)
    UsageFault_Handler                       0x08002e1d   Thumb Code     2  stm32f10x_it.o(i.UsageFault_Handler)
    __0printf                                0x08002e21   Thumb Code    22  printfa.o(i.__0printf)
    __1printf                                0x08002e21   Thumb Code     0  printfa.o(i.__0printf)
    __2printf                                0x08002e21   Thumb Code     0  printfa.o(i.__0printf)
    __c89printf                              0x08002e21   Thumb Code     0  printfa.o(i.__0printf)
    printf                                   0x08002e21   Thumb Code     0  printfa.o(i.__0printf)
    __0sprintf                               0x08002e41   Thumb Code    34  printfa.o(i.__0sprintf)
    __1sprintf                               0x08002e41   Thumb Code     0  printfa.o(i.__0sprintf)
    __2sprintf                               0x08002e41   Thumb Code     0  printfa.o(i.__0sprintf)
    __c89sprintf                             0x08002e41   Thumb Code     0  printfa.o(i.__0sprintf)
    sprintf                                  0x08002e41   Thumb Code     0  printfa.o(i.__0sprintf)
    __scatterload_copy                       0x08002e69   Thumb Code    14  handlers.o(i.__scatterload_copy)
    __scatterload_null                       0x08002e77   Thumb Code     2  handlers.o(i.__scatterload_null)
    __scatterload_zeroinit                   0x08002e79   Thumb Code    14  handlers.o(i.__scatterload_zeroinit)
    _is_digit                                0x08002fe5   Thumb Code    14  scanf_fp.o(i._is_digit)
    fputc                                    0x08003761   Thumb Code    34  printf_init.o(i.fputc)
    main                                     0x08003789   Thumb Code   710  main.o(i.main)
    process_uart2_dmass_data                 0x08003b05   Thumb Code    52  main.o(i.process_uart2_dmass_data)
    __ctype_categories                       0x08003b4c   Data          64  ctype_c.o(.constdata)
    Region$$Table$$Base                      0x08003b8c   Number         0  anon$$obj.o(Region$$Table)
    Region$$Table$$Limit                     0x08003bac   Number         0  anon$$obj.o(Region$$Table)
    FLAG_BLE_CTS0                            0x20000014   Data           1  main.o(.data)
    FLAG_BLE_CTS1                            0x20000015   Data           1  main.o(.data)
    flag_send                                0x20000016   Data           1  main.o(.data)
    flag_cbc                                 0x20000017   Data           1  main.o(.data)
    flag_chg                                 0x20000018   Data           1  main.o(.data)
    flag_gps                                 0x20000019   Data           1  main.o(.data)
    tp                                       0x2000001a   Data           2  main.o(.data)
    lat_direction                            0x2000001c   Data           2  main.o(.data)
    lng_direction                            0x2000001e   Data           2  main.o(.data)
    cbc                                      0x20000020   Data           4  main.o(.data)
    lac_value                                0x20000024   Data           5  main.o(.data)
    cell_id                                  0x20000029   Data           5  main.o(.data)
    hd                                       0x2000002e   Data          16  main.o(.data)
    id                                       0x2000003e   Data           9  main.o(.data)
    lat                                      0x20000047   Data          10  main.o(.data)
    lng                                      0x20000051   Data          11  main.o(.data)
    T_SEND                                   0x2000005c   Data           1  main.o(.data)
    T_CBC                                    0x2000005d   Data           1  main.o(.data)
    USART1_Real                              0x20000064   Data          28  bsp_usart1.o(.data)
    USART2_Real                              0x20000084   Data          28  bsp_usart2.o(.data)
    __stdout                                 0x200000a4   Data           4  printf_init.o(.data)
    CCR1_Val                                 0x200000ac   Data           2  timer.o(.data)
    CCR2_Val                                 0x200000ae   Data           2  timer.o(.data)
    CCR3_Val                                 0x200000b0   Data           2  timer.o(.data)
    CCR4_Val                                 0x200000b2   Data           2  timer.o(.data)
    Ub                                       0x200000b4   Data         500  main.o(.bss)
    __initial_sp                             0x20000c10   Data           0  startup_stm32f10x_hd.o(STACK)



==============================================================================

Memory Map of the image

  Image Entry point : 0x08000131

  Load Region LR_IROM1 (Base: 0x08000000, Size: 0x00003c60, Max: 0x00080000, ABSOLUTE)

    Execution Region ER_IROM1 (Base: 0x08000000, Size: 0x00003bac, Max: 0x00080000, ABSOLUTE)

    Base Addr    Size         Type   Attr      Idx    E Section Name        Object

    0x08000000   0x00000130   Data   RO            3    RESET               startup_stm32f10x_hd.o
    0x08000130   0x00000000   Code   RO         3894  * .ARM.Collect$$$$00000000  mc_w.l(entry.o)
    0x08000130   0x00000004   Code   RO         4188    .ARM.Collect$$$$00000001  mc_w.l(entry2.o)
    0x08000134   0x00000004   Code   RO         4191    .ARM.Collect$$$$00000004  mc_w.l(entry5.o)
    0x08000138   0x00000000   Code   RO         4193    .ARM.Collect$$$$00000008  mc_w.l(entry7b.o)
    0x08000138   0x00000000   Code   RO         4195    .ARM.Collect$$$$0000000A  mc_w.l(entry8b.o)
    0x08000138   0x00000008   Code   RO         4196    .ARM.Collect$$$$0000000B  mc_w.l(entry9a.o)
    0x08000140   0x00000000   Code   RO         4198    .ARM.Collect$$$$0000000D  mc_w.l(entry10a.o)
    0x08000140   0x00000000   Code   RO         4200    .ARM.Collect$$$$0000000F  mc_w.l(entry11a.o)
    0x08000140   0x00000004   Code   RO         4189    .ARM.Collect$$$$00002712  mc_w.l(entry2.o)
    0x08000144   0x00000024   Code   RO            4    .text               startup_stm32f10x_hd.o
    0x08000168   0x00000024   Code   RO         3897    .text               mc_w.l(memcpya.o)
    0x0800018c   0x00000024   Code   RO         3899    .text               mc_w.l(memseta.o)
    0x080001b0   0x00000018   Code   RO         3901    .text               mc_w.l(strcat.o)
    0x080001c8   0x00000024   Code   RO         3903    .text               mc_w.l(strstr.o)
    0x080001ec   0x0000000e   Code   RO         3905    .text               mc_w.l(strlen.o)
    0x080001fa   0x00000028   Code   RO         3907    .text               mc_w.l(strncat.o)
    0x08000222   0x00000002   PAD
    0x08000224   0x00000038   Code   RO         4172    .text               mc_w.l(__0sscanf.o)
    0x0800025c   0x0000033c   Code   RO         4174    .text               mc_w.l(scanf_fp.o)
    0x08000598   0x000000b0   Code   RO         4178    .text               mf_w.l(fadd.o)
    0x08000648   0x00000080   Code   RO         4180    .text               mf_w.l(fdiv.o)
    0x080006c8   0x00000012   Code   RO         4182    .text               mf_w.l(fflti.o)
    0x080006da   0x00000032   Code   RO         4184    .text               mf_w.l(ffixi.o)
    0x0800070c   0x00000026   Code   RO         4186    .text               mf_w.l(f2d.o)
    0x08000732   0x0000002c   Code   RO         4202    .text               mc_w.l(uidiv.o)
    0x0800075e   0x00000062   Code   RO         4204    .text               mc_w.l(uldiv.o)
    0x080007c0   0x00000028   Code   RO         4206    .text               mc_w.l(scanf_char.o)
    0x080007e8   0x00000040   Code   RO         4208    .text               mc_w.l(_sgetc.o)
    0x08000828   0x00000000   Code   RO         4210    .text               mc_w.l(iusefp.o)
    0x08000828   0x0000006c   Code   RO         4211    .text               mf_w.l(fepilogue.o)
    0x08000894   0x0000014e   Code   RO         4213    .text               mf_w.l(dadd.o)
    0x080009e2   0x000000e4   Code   RO         4215    .text               mf_w.l(dmul.o)
    0x08000ac6   0x000000de   Code   RO         4217    .text               mf_w.l(ddiv.o)
    0x08000ba4   0x00000018   Code   RO         4219    .text               mf_w.l(dfltul.o)
    0x08000bbc   0x00000030   Code   RO         4221    .text               mf_w.l(dfixul.o)
    0x08000bec   0x00000028   Code   RO         4223    .text               mf_w.l(cdrcmple.o)
    0x08000c14   0x00000038   Code   RO         4225    .text               mf_w.l(d2f.o)
    0x08000c4c   0x00000024   Code   RO         4227    .text               mc_w.l(init.o)
    0x08000c70   0x0000001e   Code   RO         4229    .text               mc_w.l(llshl.o)
    0x08000c8e   0x00000020   Code   RO         4231    .text               mc_w.l(llushr.o)
    0x08000cae   0x00000024   Code   RO         4233    .text               mc_w.l(llsshr.o)
    0x08000cd2   0x0000000a   Code   RO         4235    .text               mc_w.l(isspace_c.o)
    0x08000cdc   0x0000032c   Code   RO         4237    .text               mc_w.l(_scanf.o)
    0x08001008   0x000000be   Code   RO         4239    .text               mf_w.l(depilogue.o)
    0x080010c6   0x00000002   PAD
    0x080010c8   0x00000028   Code   RO         4241    .text               mc_w.l(ctype_c.o)
    0x080010f0   0x00000002   Code   RO         3186    i.BusFault_Handler  stm32f10x_it.o
    0x080010f2   0x00000002   PAD
    0x080010f4   0x0000005c   Code   RO         3809    i.CBCDATA           sim800l.o
    0x08001150   0x00000034   Code   RO         3383    i.DMA1_Channel4_IRQHandler  bsp_usart1.o
    0x08001184   0x00000034   Code   RO         3519    i.DMA1_Channel7_IRQHandler  bsp_usart2.o
    0x080011b8   0x0000001c   Code   RO          857    i.DMA_ClearFlag     stm32f10x_dma.o
    0x080011d4   0x0000001a   Code   RO          859    i.DMA_Cmd           stm32f10x_dma.o
    0x080011ee   0x00000002   PAD
    0x080011f0   0x000000f8   Code   RO          860    i.DMA_DeInit        stm32f10x_dma.o
    0x080012e8   0x00000024   Code   RO          862    i.DMA_GetFlagStatus  stm32f10x_dma.o
    0x0800130c   0x00000014   Code   RO          864    i.DMA_ITConfig      stm32f10x_dma.o
    0x08001320   0x0000003a   Code   RO          865    i.DMA_Init          stm32f10x_dma.o
    0x0800135a   0x00000002   Code   RO         3187    i.DebugMon_Handler  stm32f10x_it.o
    0x0800135c   0x0000000c   Code   RO         3810    i.Delay_MS          sim800l.o
    0x08001368   0x00000018   Code   RO         3188    i.EXTI0_IRQHandler  stm32f10x_it.o
    0x08001380   0x00000048   Code   RO         3189    i.EXTI15_10_IRQHandler  stm32f10x_it.o
    0x080013c8   0x00000002   Code   RO         3190    i.EXTI4_IRQHandler  stm32f10x_it.o
    0x080013ca   0x00000002   PAD
    0x080013cc   0x0000000c   Code   RO          929    i.EXTI_ClearFlag    stm32f10x_exti.o
    0x080013d8   0x0000000c   Code   RO          930    i.EXTI_ClearITPendingBit  stm32f10x_exti.o
    0x080013e4   0x00000020   Code   RO          934    i.EXTI_GetITStatus  stm32f10x_exti.o
    0x08001404   0x00000018   Code   RO         1000    i.FLASH_PrefetchBufferCmd  stm32f10x_flash.o
    0x0800141c   0x00000014   Code   RO         1005    i.FLASH_SetLatency  stm32f10x_flash.o
    0x08001430   0x000000a2   Code   RO         1283    i.GPIO_Init         stm32f10x_gpio.o
    0x080014d2   0x00000002   PAD
    0x080014d4   0x0000005c   Code   RO         1285    i.GPIO_PinRemapConfig  stm32f10x_gpio.o
    0x08001530   0x0000000e   Code   RO         1287    i.GPIO_ReadInputDataBit  stm32f10x_gpio.o
    0x0800153e   0x00000004   Code   RO         1290    i.GPIO_ResetBits    stm32f10x_gpio.o
    0x08001542   0x00000004   Code   RO         1291    i.GPIO_SetBits      stm32f10x_gpio.o
    0x08001546   0x00000002   PAD
    0x08001548   0x00000130   Code   RO         3811    i.GPSDATA           sim800l.o
    0x08001678   0x00000020   Code   RO         3812    i.GPSVLD            sim800l.o
    0x08001698   0x00000070   Code   RO         3813    i.GSMDATA           sim800l.o
    0x08001708   0x00000084   Code   RO         3108    i.GetId             main.o
    0x0800178c   0x00000010   Code   RO         3814    i.GetKeyCHG         sim800l.o
    0x0800179c   0x00000018   Code   RO         3191    i.HardFault_Handler  stm32f10x_it.o
    0x080017b4   0x0000001c   Code   RO         3351    i.ISO_Init          bsp_iso_test.o
    0x080017d0   0x00000014   Code   RO         3815    i.Key_Scan          sim800l.o
    0x080017e4   0x00000034   Code   RO         3725    i.LED_GPIO_Config   bsp_led.o
    0x08001818   0x0000000c   Code   RO         3521    i.LookUSART2_GetBuffCount  bsp_usart2.o
    0x08001824   0x00000002   Code   RO         3192    i.MemManage_Handler  stm32f10x_it.o
    0x08001826   0x00000002   Code   RO         3193    i.NMI_Handler       stm32f10x_it.o
    0x08001828   0x00000026   Code   RO         3743    i.NVIC_Configuration  timer.o
    0x0800184e   0x00000002   PAD
    0x08001850   0x00000064   Code   RO          116    i.NVIC_Init         misc.o
    0x080018b4   0x00000014   Code   RO          117    i.NVIC_PriorityGroupConfig  misc.o
    0x080018c8   0x00000002   Code   RO         3194    i.PendSV_Handler    stm32f10x_it.o
    0x080018ca   0x00000002   PAD
    0x080018cc   0x0000001c   Code   RO         1704    i.RCC_AHBPeriphClockCmd  stm32f10x_rcc.o
    0x080018e8   0x0000001c   Code   RO         1705    i.RCC_APB1PeriphClockCmd  stm32f10x_rcc.o
    0x08001904   0x0000001c   Code   RO         1707    i.RCC_APB2PeriphClockCmd  stm32f10x_rcc.o
    0x08001920   0x00000080   Code   RO         3744    i.RCC_Configuration  timer.o
    0x080019a0   0x00000040   Code   RO         1714    i.RCC_DeInit        stm32f10x_rcc.o
    0x080019e0   0x000000ac   Code   RO         1715    i.RCC_GetClocksFreq  stm32f10x_rcc.o
    0x08001a8c   0x00000030   Code   RO         1716    i.RCC_GetFlagStatus  stm32f10x_rcc.o
    0x08001abc   0x00000010   Code   RO         1718    i.RCC_GetSYSCLKSource  stm32f10x_rcc.o
    0x08001acc   0x00000014   Code   RO         1719    i.RCC_HCLKConfig    stm32f10x_rcc.o
    0x08001ae0   0x00000038   Code   RO         1720    i.RCC_HSEConfig     stm32f10x_rcc.o
    0x08001b18   0x00000014   Code   RO         1726    i.RCC_PCLK1Config   stm32f10x_rcc.o
    0x08001b2c   0x00000014   Code   RO         1727    i.RCC_PCLK2Config   stm32f10x_rcc.o
    0x08001b40   0x0000000c   Code   RO         1728    i.RCC_PLLCmd        stm32f10x_rcc.o
    0x08001b4c   0x00000014   Code   RO         1729    i.RCC_PLLConfig     stm32f10x_rcc.o
    0x08001b60   0x00000014   Code   RO         1732    i.RCC_SYSCLKConfig  stm32f10x_rcc.o
    0x08001b74   0x00000030   Code   RO         1734    i.RCC_WaitForHSEStartUp  stm32f10x_rcc.o
    0x08001ba4   0x00000010   Code   RO         1904    i.RTC_ClearITPendingBit  stm32f10x_rtc.o
    0x08001bb4   0x00000020   Code   RO         1910    i.RTC_GetITStatus   stm32f10x_rtc.o
    0x08001bd4   0x0000001c   Code   RO         3195    i.RTC_IRQHandler    stm32f10x_it.o
    0x08001bf0   0x00000010   Code   RO         1915    i.RTC_WaitForLastTask  stm32f10x_rtc.o
    0x08001c00   0x00000002   Code   RO         3196    i.SDIO_IRQHandler   stm32f10x_it.o
    0x08001c02   0x00000002   PAD
    0x08001c04   0x0000002c   Code   RO         3816    i.SIM_GPIO_Config   sim800l.o
    0x08001c30   0x00000002   Code   RO         3197    i.SVC_Handler       stm32f10x_it.o
    0x08001c32   0x00000004   Code   RO           24    i.SetSysClock       system_stm32f10x.o
    0x08001c36   0x00000002   PAD
    0x08001c38   0x000000b0   Code   RO           25    i.SetSysClockTo72   system_stm32f10x.o
    0x08001ce8   0x0000004c   Code   RO         3652    i.Set_PrintfPort    printf_init.o
    0x08001d34   0x00000478   Code   RO         3817    i.Sim_ini           sim800l.o
    0x080021ac   0x00000004   Code   RO         3198    i.SysTick_Handler   stm32f10x_it.o
    0x080021b0   0x00000050   Code   RO           27    i.SystemInit        system_stm32f10x.o
    0x08002200   0x000000b4   Code   RO         3745    i.TIM2_Configuration  timer.o
    0x080022b4   0x00000144   Code   RO         3199    i.TIM2_IRQHandler   stm32f10x_it.o
    0x080023f8   0x00000006   Code   RO         2334    i.TIM_ClearITPendingBit  stm32f10x_tim.o
    0x080023fe   0x00000018   Code   RO         2339    i.TIM_Cmd           stm32f10x_tim.o
    0x08002416   0x00000004   Code   RO         2354    i.TIM_GetCapture1   stm32f10x_tim.o
    0x0800241a   0x00000004   Code   RO         2355    i.TIM_GetCapture2   stm32f10x_tim.o
    0x0800241e   0x00000004   Code   RO         2356    i.TIM_GetCapture3   stm32f10x_tim.o
    0x08002422   0x00000006   Code   RO         2357    i.TIM_GetCapture4   stm32f10x_tim.o
    0x08002428   0x00000018   Code   RO         2360    i.TIM_GetITStatus   stm32f10x_tim.o
    0x08002440   0x00000014   Code   RO         2364    i.TIM_ITConfig      stm32f10x_tim.o
    0x08002454   0x00000088   Code   RO         2368    i.TIM_OC1Init       stm32f10x_tim.o
    0x080024dc   0x0000000c   Code   RO         2371    i.TIM_OC1PreloadConfig  stm32f10x_tim.o
    0x080024e8   0x00000088   Code   RO         2373    i.TIM_OC2Init       stm32f10x_tim.o
    0x08002570   0x00000014   Code   RO         2376    i.TIM_OC2PreloadConfig  stm32f10x_tim.o
    0x08002584   0x00000084   Code   RO         2378    i.TIM_OC3Init       stm32f10x_tim.o
    0x08002608   0x0000000c   Code   RO         2381    i.TIM_OC3PreloadConfig  stm32f10x_tim.o
    0x08002614   0x00000068   Code   RO         2383    i.TIM_OC4Init       stm32f10x_tim.o
    0x0800267c   0x00000014   Code   RO         2385    i.TIM_OC4PreloadConfig  stm32f10x_tim.o
    0x08002690   0x00000006   Code   RO         2388    i.TIM_PrescalerConfig  stm32f10x_tim.o
    0x08002696   0x00000004   Code   RO         2400    i.TIM_SetCompare1   stm32f10x_tim.o
    0x0800269a   0x00000004   Code   RO         2401    i.TIM_SetCompare2   stm32f10x_tim.o
    0x0800269e   0x00000004   Code   RO         2402    i.TIM_SetCompare3   stm32f10x_tim.o
    0x080026a2   0x00000006   Code   RO         2403    i.TIM_SetCompare4   stm32f10x_tim.o
    0x080026a8   0x0000009c   Code   RO         2410    i.TIM_TimeBaseInit  stm32f10x_tim.o
    0x08002744   0x00000014   Code   RO         3697    i.TimingDelay_Decrement  bsp_systick.o
    0x08002758   0x00000040   Code   RO         3388    i.USART1_Config     bsp_usart1.o
    0x08002798   0x00000074   Code   RO         3390    i.USART1_DMATxd_Init  bsp_usart1.o
    0x0800280c   0x00000044   Code   RO         3391    i.USART1_GPIO_Init  bsp_usart1.o
    0x08002850   0x00000080   Code   RO         3395    i.USART1_IRQHandler  bsp_usart1.o
    0x080028d0   0x0000003c   Code   RO         3396    i.USART1_Init       bsp_usart1.o
    0x0800290c   0x00000022   Code   RO         3397    i.USART1_NVIC_Init  bsp_usart1.o
    0x0800292e   0x00000002   PAD
    0x08002930   0x00000020   Code   RO         3399    i.USART1_RX_Buffer_init  bsp_usart1.o
    0x08002950   0x00000020   Code   RO         3400    i.USART1_SendByte   bsp_usart1.o
    0x08002970   0x00000040   Code   RO         3524    i.USART2_Config     bsp_usart2.o
    0x080029b0   0x00000014   Code   RO         3818    i.USART2_DMAS       sim800l.o
    0x080029c4   0x00000074   Code   RO         3819    i.USART2_DMASS      sim800l.o
    0x08002a38   0x0000003c   Code   RO         3525    i.USART2_DMASendString  bsp_usart2.o
    0x08002a74   0x00000074   Code   RO         3526    i.USART2_DMATxd_Init  bsp_usart2.o
    0x08002ae8   0x00000040   Code   RO         3527    i.USART2_GPIO_Init  bsp_usart2.o
    0x08002b28   0x00000030   Code   RO         3528    i.USART2_GetByte    bsp_usart2.o
    0x08002b58   0x00000080   Code   RO         3531    i.USART2_IRQHandler  bsp_usart2.o
    0x08002bd8   0x0000003c   Code   RO         3532    i.USART2_Init       bsp_usart2.o
    0x08002c14   0x00000022   Code   RO         3533    i.USART2_NVIC_Init  bsp_usart2.o
    0x08002c36   0x00000002   PAD
    0x08002c38   0x00000014   Code   RO         3534    i.USART2_RX_Buffer_Clear  bsp_usart2.o
    0x08002c4c   0x00000020   Code   RO         3535    i.USART2_RX_Buffer_init  bsp_usart2.o
    0x08002c6c   0x00000020   Code   RO         3536    i.USART2_SendByte   bsp_usart2.o
    0x08002c8c   0x00000010   Code   RO         2872    i.USART_ClearITPendingBit  stm32f10x_usart.o
    0x08002c9c   0x00000018   Code   RO         2875    i.USART_Cmd         stm32f10x_usart.o
    0x08002cb4   0x00000014   Code   RO         2876    i.USART_DMACmd      stm32f10x_usart.o
    0x08002cc8   0x0000000e   Code   RO         2878    i.USART_GetFlagStatus  stm32f10x_usart.o
    0x08002cd6   0x00000040   Code   RO         2879    i.USART_GetITStatus  stm32f10x_usart.o
    0x08002d16   0x00000036   Code   RO         2881    i.USART_ITConfig    stm32f10x_usart.o
    0x08002d4c   0x000000bc   Code   RO         2882    i.USART_Init        stm32f10x_usart.o
    0x08002e08   0x00000008   Code   RO         2889    i.USART_ReceiveData  stm32f10x_usart.o
    0x08002e10   0x00000008   Code   RO         2892    i.USART_SendData    stm32f10x_usart.o
    0x08002e18   0x00000002   Code   RO         3200    i.USB_HP_CAN1_TX_IRQHandler  stm32f10x_it.o
    0x08002e1a   0x00000002   Code   RO         3201    i.USB_LP_CAN1_RX0_IRQHandler  stm32f10x_it.o
    0x08002e1c   0x00000002   Code   RO         3202    i.UsageFault_Handler  stm32f10x_it.o
    0x08002e1e   0x00000002   PAD
    0x08002e20   0x00000020   Code   RO         4144    i.__0printf         mc_w.l(printfa.o)
    0x08002e40   0x00000028   Code   RO         4146    i.__0sprintf        mc_w.l(printfa.o)
    0x08002e68   0x0000000e   Code   RO         4246    i.__scatterload_copy  mc_w.l(handlers.o)
    0x08002e76   0x00000002   Code   RO         4247    i.__scatterload_null  mc_w.l(handlers.o)
    0x08002e78   0x0000000e   Code   RO         4248    i.__scatterload_zeroinit  mc_w.l(handlers.o)
    0x08002e86   0x00000002   PAD
    0x08002e88   0x0000015c   Code   RO         4151    i._fp_digits        mc_w.l(printfa.o)
    0x08002fe4   0x0000000e   Code   RO         4176    i._is_digit         mc_w.l(scanf_fp.o)
    0x08002ff2   0x00000002   PAD
    0x08002ff4   0x000006f0   Code   RO         4152    i._printf_core      mc_w.l(printfa.o)
    0x080036e4   0x00000026   Code   RO         4153    i._printf_post_padding  mc_w.l(printfa.o)
    0x0800370a   0x00000030   Code   RO         4154    i._printf_pre_padding  mc_w.l(printfa.o)
    0x0800373a   0x0000000a   Code   RO         4156    i._sputc            mc_w.l(printfa.o)
    0x08003744   0x0000001c   Code   RO         3109    i.delay             main.o
    0x08003760   0x00000028   Code   RO         3655    i.fputc             printf_init.o
    0x08003788   0x0000037c   Code   RO         3110    i.main              main.o
    0x08003b04   0x00000048   Code   RO         3111    i.process_uart2_dmass_data  main.o
    0x08003b4c   0x00000040   Data   RO         4242    .constdata          mc_w.l(ctype_c.o)
    0x08003b8c   0x00000020   Data   RO         4244    Region$$Table       anon$$obj.o


    Execution Region RW_IRAM1 (Base: 0x20000000, Size: 0x00000c10, Max: 0x00010000, ABSOLUTE)

    Base Addr    Size         Type   Attr      Idx    E Section Name        Object

    0x20000000   0x00000014   Data   RW         1735    .data               stm32f10x_rcc.o
    0x20000014   0x00000001   Data   RW         3118    .data               main.o
    0x20000015   0x00000001   Data   RW         3119    .data               main.o
    0x20000016   0x00000046   Data   RW         3121    .data               main.o
    0x2000005c   0x00000001   Data   RW         3125    .data               main.o
    0x2000005d   0x00000001   Data   RW         3126    .data               main.o
    0x2000005e   0x00000002   PAD
    0x20000060   0x00000020   Data   RW         3404    .data               bsp_usart1.o
    0x20000080   0x00000020   Data   RW         3540    .data               bsp_usart2.o
    0x200000a0   0x00000004   Data   RW         3656    .data               printf_init.o
    0x200000a4   0x00000004   Data   RW         3657    .data               printf_init.o
    0x200000a8   0x00000004   Data   RW         3698    .data               bsp_systick.o
    0x200000ac   0x00000008   Data   RW         3746    .data               timer.o
    0x200000b4   0x000001f4   Zero   RW         3116    .bss                main.o
    0x200002a8   0x00000274   Zero   RW         3403    .bss                bsp_usart1.o
    0x2000051c   0x000002f4   Zero   RW         3539    .bss                bsp_usart2.o
    0x20000810   0x00000400   Zero   RW            1    STACK               startup_stm32f10x_hd.o


==============================================================================

Image component sizes


      Code (inc. data)   RO Data    RW Data    ZI Data      Debug   Object Name

        28          0          0          0          0        459   bsp_iso_test.o
        52          4          0          0          0        474   bsp_led.o
        20          4          0          4          0        896   bsp_systick.o
       586         68          0         32        628       5608   bsp_usart1.o
       722         98          0         32        756       7587   bsp_usart2.o
         0          0          0          0          0       4212   core_cm3.o
      1124        212          0         74        500       4379   main.o
       120         18          0          0          0       1511   misc.o
       116         38          0          8          0       2715   printf_init.o
      1912        680          0          0          0       7114   sim800l.o
        36          8        304          0       1024        824   startup_stm32f10x_hd.o
       416         28          0          0          0       5233   stm32f10x_dma.o
        56         16          0          0          0       1573   stm32f10x_exti.o
        44         12          0          0          0       1017   stm32f10x_flash.o
       276          6          0          0          0       4394   stm32f10x_gpio.o
       498         70          0          0          0       7417   stm32f10x_it.o
       600        100          0         20          0      10878   stm32f10x_rcc.o
        64         16          0          0          0       1516   stm32f10x_rtc.o
       844         90          0          0          0      13612   stm32f10x_tim.o
       396          6          0          0          0       7402   stm32f10x_usart.o
       260         26          0          0          0     259849   system_stm32f10x.o
       346         10          0          8          0       1952   timer.o

    ----------------------------------------------------------------------
      8540       1510        336        180       2908     350622   Object Totals
         0          0         32          0          0          0   (incl. Generated)
        24          0          0          2          0          0   (incl. Padding)

    ----------------------------------------------------------------------

      Code (inc. data)   RO Data    RW Data    ZI Data      Debug   Library Member Name

        56          8          0          0          0         84   __0sscanf.o
       812          6          0          0          0        112   _scanf.o
        64          0          0          0          0         84   _sgetc.o
        40          6         64          0          0         68   ctype_c.o
         0          0          0          0          0          0   entry.o
         0          0          0          0          0          0   entry10a.o
         0          0          0          0          0          0   entry11a.o
         8          4          0          0          0          0   entry2.o
         4          0          0          0          0          0   entry5.o
         0          0          0          0          0          0   entry7b.o
         0          0          0          0          0          0   entry8b.o
         8          4          0          0          0          0   entry9a.o
        30          0          0          0          0          0   handlers.o
        36          8          0          0          0         68   init.o
        10          0          0          0          0         68   isspace_c.o
         0          0          0          0          0          0   iusefp.o
        30          0          0          0          0         68   llshl.o
        36          0          0          0          0         68   llsshr.o
        32          0          0          0          0         68   llushr.o
        36          0          0          0          0         68   memcpya.o
        36          0          0          0          0        108   memseta.o
      2292         96          0          0          0        596   printfa.o
        40          8          0          0          0         84   scanf_char.o
       842         12          0          0          0        216   scanf_fp.o
        24          0          0          0          0         68   strcat.o
        14          0          0          0          0         68   strlen.o
        40          0          0          0          0         76   strncat.o
        36          0          0          0          0         80   strstr.o
        44          0          0          0          0         80   uidiv.o
        98          0          0          0          0         92   uldiv.o
        40          2          0          0          0         68   cdrcmple.o
        56          0          0          0          0         88   d2f.o
       334          0          0          0          0        148   dadd.o
       222          0          0          0          0        100   ddiv.o
       190          0          0          0          0        176   depilogue.o
        48          0          0          0          0         68   dfixul.o
        24          0          0          0          0         76   dfltul.o
       228          0          0          0          0         96   dmul.o
        38          0          0          0          0         68   f2d.o
       176          0          0          0          0        140   fadd.o
       128          0          0          0          0         88   fdiv.o
       108          0          0          0          0        168   fepilogue.o
        50          0          0          0          0         68   ffixi.o
        18          0          0          0          0         68   fflti.o

    ----------------------------------------------------------------------
      6336        154         64          0          0       3644   Library Totals
         8          0          0          0          0          0   (incl. Padding)

    ----------------------------------------------------------------------

      Code (inc. data)   RO Data    RW Data    ZI Data      Debug   Library Name

      4668        152         64          0          0       2224   mc_w.l
      1660          2          0          0          0       1420   mf_w.l

    ----------------------------------------------------------------------
      6336        154         64          0          0       3644   Library Totals

    ----------------------------------------------------------------------

==============================================================================


      Code (inc. data)   RO Data    RW Data    ZI Data      Debug   

     14876       1664        400        180       2908     345582   Grand Totals
     14876       1664        400        180       2908     345582   ELF Image Totals
     14876       1664        400        180          0          0   ROM Totals

==============================================================================

    Total RO  Size (Code + RO Data)                15276 (  14.92kB)
    Total RW  Size (RW Data + ZI Data)              3088 (   3.02kB)
    Total ROM Size (Code + RO Data + RW Data)      15456 (  15.09kB)

==============================================================================

